{
  "id": "11141",
  "title": "no battery or DC status - Dell i1501",
  "": "Show dependency tree",
  "description": "Latest working kernel version:2.6.26-git8\nEarliest failing kernel version:2.6.26-git1\nDistribution:Slackware\nHardware Environment:Dell i1501\nSoftware Environment:\nProblem Description:\nhere is my full dmesg:\n[    0.000000] Linux version 2.6.26-g6-+-05253-g14b395e (grissiom@grissiom_slackware) (gcc version 4.2.3) #35 SMP PREEMPT Mon Jul 21 22:04:52 CST 2008\n[    0.000000] BIOS-provided physical RAM map:\n[    0.000000]  BIOS-e820: 0000000000000000 - 000000000009dc00 (usable)\n[    0.000000]  BIOS-e820: 000000000009dc00 - 00000000000a0000 (reserved)\n[    0.000000]  BIOS-e820: 00000000000ce000 - 0000000000100000 (reserved)\n[    0.000000]  BIOS-e820: 0000000000100000 - 0000000037e70000 (usable)\n[    0.000000]  BIOS-e820: 0000000037e70000 - 0000000037e80000 (ACPI data)\n[    0.000000]  BIOS-e820: 0000000037e80000 - 0000000037f00000 (ACPI NVS)\n[    0.000000]  BIOS-e820: 0000000037f00000 - 0000000040000000 (reserved)\n[    0.000000]  BIOS-e820: 00000000e0000000 - 00000000f0000000 (reserved)\n[    0.000000]  BIOS-e820: 00000000fec00000 - 00000000fec10000 (reserved)\n[    0.000000]  BIOS-e820: 00000000fee00000 - 00000000fee01000 (reserved)\n[    0.000000]  BIOS-e820: 00000000fff80000 - 0000000100000000 (reserved)\n[    0.000000] last_pfn = 0x37e70 max_arch_pfn = 0x100000\n[    0.000000] x86 PAT enabled: cpu 0, old 0x7040600070406, new 0x7010600070106\n[    0.000000] kernel direct mapping tables up to 37e70000 @ 7000-d000\n[    0.000000] DMI present.\n[    0.000000] ACPI: RSDP 000F8500, 0014 (r0 PTLTD )\n[    0.000000] ACPI: RSDT 37E79539, 0040 (r1 DELL    M08      6040000  LTP        0)\n[    0.000000] ACPI: FACP 37E7FB58, 0074 (r1 ATI    Bowfin    6040000 ATI     F4240)\n[    0.000000] ACPI: DSDT 37E79579, 65DF (r1    ATI    SB600  6040000 MSFT  3000000)\n[    0.000000] ACPI: FACS 37E90FC0, 0040\n[    0.000000] ACPI: TCPA 37E7FBCC, 0032 (r2 AMD              6040000 PTEC        0)\n[    0.000000] ACPI: SSDT 37E7FBFE, 01C4 (r1 PTLTD  POWERNOW  6040000  LTP        1)\n[    0.000000] ACPI: APIC 37E7FDC2, 0054 (r1 PTLTD       APIC    6040000  LTP        0)\n[    0.000000] ACPI: MCFG 37E7FE16, 003C (r1 PTLTD    MCFG    6040000  LTP        0)\n[    0.000000] ACPI: HPET 37E7FE52, 0038 (r1 PTLTD  HPETTBL   6040000  LTP        1)\n[    0.000000] ACPI: SLIC 37E7FE8A, 0176 (r1 DELL    M08      6040000  LTP        0)\n[    0.000000] ACPI: DMI detected: Dell i1501\n[    0.000000] Entering add_active_range(0, 0x0, 0x9d) 0 entries of 256 used\n[    0.000000] Entering add_active_range(0, 0x100, 0x37e70) 1 entries of 256 used\n[    0.000000] 0MB HIGHMEM available.\n[    0.000000] 894MB LOWMEM available.\n[    0.000000]   mapped low ram: 0 - 37e70000\n[    0.000000]   low ram: 00000000 - 37e70000\n[    0.000000]   bootmap 00009000 - 0000ffd0\n[    0.000000] (8 early reservations) ==> bootmem\n[    0.000000]   #0 [0000000000 - 0000001000]   BIOS data page ==> [0000000000 - 0000001000]\n[    0.000000]   #1 [0000001000 - 0000002000]    EX TRAMPOLINE ==> [0000001000 - 0000002000]\n[    0.000000]   #2 [0000006000 - 0000007000]       TRAMPOLINE ==> [0000006000 - 0000007000]\n[    0.000000]   #3 [0000100000 - 00006ae364]    TEXT DATA BSS ==> [0000100000 - 00006ae364]\n[    0.000000]   #4 [00006af000 - 00006b2000]    INIT_PG_TABLE ==> [00006af000 - 00006b2000]\n[    0.000000]   #5 [000009dc00 - 0000100000]    BIOS reserved ==> [000009dc00 - 0000100000]\n[    0.000000]   #6 [0000007000 - 0000009000]          PGTABLE ==> [0000007000 - 0000009000]\n[    0.000000]   #7 [0000009000 - 0000010000]          BOOTMAP ==> [0000009000 - 0000010000]\n[    0.000000] Scan SMP from c0000000 for 1024 bytes.\n[    0.000000] Scan SMP from c009fc00 for 1024 bytes.\n[    0.000000] Scan SMP from c00f0000 for 65536 bytes.\n[    0.000000] found SMP MP-table at [c00f8530] 000f8530\n[    0.000000] Zone PFN ranges:\n[    0.000000]   DMA      0x00000000 -> 0x00001000\n[    0.000000]   Normal   0x00001000 -> 0x00037e70\n[    0.000000]   HighMem  0x00037e70 -> 0x00037e70\n[    0.000000] Movable zone start PFN for each node\n[    0.000000] early_node_map[2] active PFN ranges\n[    0.000000]     0: 0x00000000 -> 0x0000009d\n[    0.000000]     0: 0x00000100 -> 0x00037e70\n[    0.000000] On node 0 totalpages: 228877\n[    0.000000] free_area_init_node: node 0, pgdat c05adf40, node_mem_map c1000000\n[    0.000000]   DMA zone: 32 pages used for memmap\n[    0.000000]   DMA zone: 0 pages reserved\n[    0.000000]   DMA zone: 3965 pages, LIFO batch:0\n[    0.000000]   Normal zone: 1757 pages used for memmap\n[    0.000000]   Normal zone: 223123 pages, LIFO batch:31\n[    0.000000]   HighMem zone: 0 pages used for memmap\n[    0.000000]   Movable zone: 0 pages used for memmap\n[    0.000000] Detected use of extended apic ids on hypertransport bus\n[    0.000000] ACPI: PM-Timer IO Port: 0x8008\n[    0.000000] ACPI: Local APIC address 0xfee00000\n[    0.000000] ACPI: LAPIC (acpi_id[0x00] lapic_id[0x00] enabled)\n[    0.000000] ACPI: LAPIC (acpi_id[0x01] lapic_id[0x01] enabled)\n[    0.000000] ACPI: LAPIC_NMI (acpi_id[0x00] high edge lint[0x1])\n[    0.000000] ACPI: LAPIC_NMI (acpi_id[0x01] high edge lint[0x1])\n[    0.000000] ACPI: IOAPIC (id[0x02] address[0xfec00000] gsi_base[0])\n[    0.000000] IOAPIC[0]: apic_id 2, version 33, address 0xfec00000, GSI 0-23\n[    0.000000] ACPI: IRQ9 used by override.\n[    0.000000] Enabling APIC mode:  Flat.  Using 1 I/O APICs\n[    0.000000] ACPI: HPET id: 0x43538301 base: 0xfed00000\n[    0.000000] Using ACPI (MADT) for SMP configuration information\n[    0.000000] SMP: Allowing 2 CPUs, 0 hotplug CPUs\n[    0.000000] mapped APIC to ffffb000 (fee00000)\n[    0.000000] mapped IOAPIC to ffffa000 (fec00000)\n[    0.000000] PM: Registered nosave memory: 000000000009d000 - 000000000009e000\n[    0.000000] PM: Registered nosave memory: 000000000009e000 - 00000000000a0000\n[    0.000000] PM: Registered nosave memory: 00000000000a0000 - 00000000000ce000\n[    0.000000] PM: Registered nosave memory: 00000000000ce000 - 0000000000100000\n[    0.000000] Allocating PCI resources starting at 50000000 (gap: 40000000:a0000000)\n[    0.000000] PERCPU: Allocating 38516 bytes of per cpu data\n[    0.000000] NR_CPUS: 2, nr_cpu_ids: 2, nr_node_ids 1\n[    0.000000] Built 1 zonelists in Zone order, mobility grouping on.  Total pages: 227088\n[    0.000000] Kernel command line: root=/dev/sda7 vga=773\n[    0.000000] Enabling fast FPU save and restore... done.\n[    0.000000] Enabling unmasked SIMD FPU exception support... done.\n[    0.000000] Initializing CPU#0\n[    0.000000] PID hash table entries: 4096 (order: 12, 16384 bytes)\n[    0.000000] TSC calibrated against PM_TIMER\n[    0.000000] Detected 1795.492 MHz processor.\n[    0.006666] Console: colour dummy device 80x25\n[    0.006666] console [tty0] enabled\n[    0.006666] Dentry cache hash table entries: 131072 (order: 7, 524288 bytes)\n[    0.006666] Inode-cache hash table entries: 65536 (order: 6, 262144 bytes)\n[    0.006666] Memory: 901504k/915904k available (3667k kernel code, 13928k reserved, 1343k data, 308k init, 0k highmem)\n[    0.006666] virtual kernel memory layout:\n[    0.006666]     fixmap  : 0xfff9f000 - 0xfffff000   ( 384 kB)\n[    0.006666]     pkmap   : 0xff800000 - 0xffc00000   (4096 kB)\n[    0.006666]     vmalloc : 0xf8800000 - 0xff7fe000   ( 111 MB)\n[    0.006666]     lowmem  : 0xc0000000 - 0xf7e70000   ( 894 MB)\n[    0.006666]       .init : 0xc05ec000 - 0xc0639000   ( 308 kB)\n[    0.006666]       .data : 0xc0494fc3 - 0xc05e4dd0   (1343 kB)\n[    0.006666]       .text : 0xc0100000 - 0xc0494fc3   (3667 kB)\n[    0.006666] Checking if this processor honours the WP bit even in supervisor mode...Ok.\n[    0.006666] CPA: page pool initialized 1 of 1 pages preallocated\n[    0.006666] SLUB: Genslabs=12, HWalign=64, Order=0-3, MinObjects=0, CPUs=2, Nodes=1\n[    0.006666] hpet clockevent registered\n[    0.006684] Calibrating delay loop (skipped), value calculated using timer frequency.. <6>3592.60 BogoMIPS (lpj=5984973)\n[    0.006697] Mount-cache hash table entries: 512\n[    0.006753] CPU: L1 I Cache: 64K (64 bytes/line), D cache 64K (64 bytes/line)\n[    0.006756] CPU: L2 Cache: 512K (64 bytes/line)\n[    0.006759] CPU 0(2) -> Core 0\n[    0.006761] Intel machine check architecture supported.\n[    0.006764] Intel machine check reporting enabled on CPU#0.\n[    0.006766] using C1E aware idle routine\n[    0.006771] Checking 'hlt' instruction... OK.\n[    0.018739] ACPI: Core revision 20080609\n[    0.029075] ENABLING IO-APIC IRQs\n[    0.029231] ..TIMER: vector=0x31 apic1=0 pin1=0 apic2=-1 pin2=-1\n[    0.033331] ..MP-BIOS bug: 8254 timer not connected to IO-APIC\n[    0.033331] ...trying to set up timer (IRQ0) through the 8259A ...\n[    0.033331] ..... (found pin 0) ...works.\n[    0.065797] CPU0: AMD Turion(tm) 64 X2 Mobile Technology TL-56 stepping 02\n[    0.069995] Booting processor 1/1 ip 6000\n[    0.079994] Initializing CPU#1\n[    0.163143] Calibrating delay using timer specific routine.. <6>3592.67 BogoMIPS (lpj=5985083)\n[    0.163151] CPU: L1 I Cache: 64K (64 bytes/line), D cache 64K (64 bytes/line)\n[    0.163153] CPU: L2 Cache: 512K (64 bytes/line)\n[    0.163155] CPU 1(2) -> Core 1\n[    0.163157] Intel machine check architecture supported.\n[    0.163160] Intel machine check reporting enabled on CPU#1.\n[    0.163322] x86 PAT enabled: cpu 1, old 0x7040600070406, new 0x7010600070106\n[    0.162029] CPU1: AMD Turion(tm) 64 X2 Mobile Technology TL-56 stepping 02\n[    0.162083] Brought up 2 CPUs\n[    0.162088] Total of 2 processors activated (7184.28 BogoMIPS).\n[    0.163322] System has C1E enabled\n[    0.163322] Switch to broadcast mode on CPU1\n[    0.162126] Switch to broadcast mode on CPU0\n[    0.162247] net_namespace: 420 bytes\n[    0.162402] NET: Registered protocol family 16\n[    0.162501] No dock devices found.\n[    0.162526] ACPI: bus type pci registered\n[    0.162576] PCI: MCFG configuration 0: base e0000000 segment 0 buses 0 - 9\n[    0.162583] PCI: MCFG area at e0000000 reserved in E820\n[    0.162589] PCI: Using MMCONFIG for extended config space\n[    0.162595] PCI: Using configuration type 1 for base access\n[    0.163322] ACPI: EC: Look up EC in DSDT\n[    0.166069] ACPI: BIOS _OSI(Linux) query ignored via DMI\n[    0.166420] ACPI: Interpreter enabled\n[    0.166425] ACPI: (supports S0 S3 S4 S5)\n[    0.166439] ACPI: Using IOAPIC for interrupt routing\n[    0.164251] ACPI: EC: non-query interrupt received, switching to interrupt mode\n[    0.184466] ACPI: EC: GPE = 0x14, I/O: command/status = 0x66, data = 0x62\n[    0.184474] ACPI: EC: driver started in interrupt mode\n[    0.184498] ACPI: PCI Root Bridge [PCI0] (0000:00)\n[    0.184595] pci 0000:00:05.0: PME# supported from D0 D3hot D3cold\n[    0.184602] pci 0000:00:05.0: PME# disabled\n[    0.184718] pci 0000:00:12.0: set SATA to AHCI mode\n[    0.185107] pci 0000:00:13.5: supports D1\n[    0.185109] pci 0000:00:13.5: supports D2\n[    0.185111] pci 0000:00:13.5: PME# supported from D0 D1 D2 D3hot\n[    0.185120] pci 0000:00:13.5: PME# disabled\n[    0.185369] pci 0000:00:14.2: PME# supported from D0 D3hot D3cold\n[    0.185377] pci 0000:00:14.2: PME# disabled\n[    0.185566] pci 0000:01:05.0: supports D1\n[    0.185568] pci 0000:01:05.0: supports D2\n[    0.185737] pci 0000:08:00.0: supports D1\n[    0.185739] pci 0000:08:00.0: supports D2\n[    0.185741] pci 0000:08:00.0: PME# supported from D0 D1 D2 D3hot D3cold\n[    0.185751] pci 0000:08:00.0: PME# disabled\n[    0.185852] pci 0000:08:01.0: supports D1\n[    0.185854] pci 0000:08:01.0: supports D2\n[    0.185856] pci 0000:08:01.0: PME# supported from D0 D1 D2 D3hot D3cold\n[    0.185865] pci 0000:08:01.0: PME# disabled\n[    0.185967] pci 0000:08:01.1: supports D1\n[    0.185968] pci 0000:08:01.1: supports D2\n[    0.185970] pci 0000:08:01.1: PME# supported from D0 D1 D2 D3hot D3cold\n[    0.185980] pci 0000:08:01.1: PME# disabled\n[    0.186048] pci 0000:00:14.4: transparent bridge\n[    0.186075] bus 00 -> node 0\n[    0.186080] ACPI: PCI Interrupt Routing Table [\\_SB_.PCI0._PRT]\n[    0.186284] ACPI: PCI Interrupt Routing Table [\\_SB_.PCI0.PB5_._PRT]\n[    0.186428] ACPI: PCI Interrupt Routing Table [\\_SB_.PCI0.P2P_._PRT]\n[    0.186542] ACPI: PCI Interrupt Routing Table [\\_SB_.PCI0.AGP_._PRT]\n[    0.189146] ACPI: PCI Interrupt Link [LNKA] (IRQs 10 11) *0, disabled.\n[    0.189279] ACPI: PCI Interrupt Link [LNKB] (IRQs 10 11) *0, disabled.\n[    0.189407] ACPI: PCI Interrupt Link [LNKC] (IRQs 10 11) *0, disabled.\n[    0.189535] ACPI: PCI Interrupt Link [LNKD] (IRQs 10 11) *0, disabled.\n[    0.189664] ACPI: PCI Interrupt Link [LNKE] (IRQs 10 11) *0, disabled.\n[    0.189792] ACPI: PCI Interrupt Link [LNKF] (IRQs 10 11) *0, disabled.\n[    0.189920] ACPI: PCI Interrupt Link [LNKG] (IRQs 10 11) *0, disabled.\n[    0.190048] ACPI: PCI Interrupt Link [LNKH] (IRQs 10 11) *0, disabled.\n[    0.190177] ACPI: PCI Interrupt Link [LNKU] (IRQs 3 4 5 7) *0, disabled.\n[    0.190370] ACPI: WMI: Mapper loaded\n[    0.190376] Linux Plug and Play Support v0.97 (c) Adam Belay\n[    0.190391] pnp: PnP ACPI init\n[    0.190400] ACPI: bus type pnp registered\n[    0.192729] pnp 00:09: mem resource (0xe0000-0xfffff) overlaps 0000:00:05.0 BAR 8 (0x0-0xfffff), disabling\n[    0.192741] pnp 00:09: mem resource (0x0-0xfff) overlaps 0000:00:05.0 BAR 8 (0x0-0xfffff), disabling\n[    0.192763] pnp 00:09: mem resource (0x0-0xfff) overlaps 0000:01:05.0 BAR 6 (0x0-0x1ffff), disabling\n[    0.193935] pnp: PnP ACPI: found 11 devices\n[    0.193941] ACPI: ACPI bus type pnp unregistered\n[    0.194094] SCSI subsystem initialized\n[    0.194163] libata version 3.00 loaded.\n[    0.194224] usbcore: registered new interface driver usbfs\n[    0.194244] usbcore: registered new interface driver hub\n[    0.194276] usbcore: registered new device driver usb\n[    0.194392] PCI: Using ACPI for IRQ routing\n[    0.194401] PCI: Cannot allocate resource region 7 of bridge 0000:00:05.0\n[    0.194406] PCI: Cannot allocate resource region 8 of bridge 0000:00:05.0\n[    0.204999] hpet0: at MMIO 0xfed00000, IRQs 2, 8, 0, 0\n[    0.205007] hpet0: 4 32-bit timers, 14318180 Hz\n[    0.206106] ACPI Error (exresop-0103): Needed type [Reference], found [Device] f780ff90 [20080609]\n[    0.206119] ACPI Exception (dswexec-0441): AE_AML_OPERAND_TYPE, While resolving operands for [OpcodeName unavailable] [20080609]\n[    0.206132] ACPI Error (psparse-0530): Method parse/execution failed [\\_SB_.PCI0._OSC] (Node f7816dc8), AE_AML_OPERAND_TYPE\n[    0.206196] ACPI: RTC can wake from S4\n[    0.210618] Switched to high resolution mode on CPU 0\n[    0.211699] system 00:01: iomem range 0xe0000000-0xefffffff could not be reserved\n[    0.211708] system 00:01: iomem range 0xfec00000-0xfec00fff could not be reserved\n[    0.211717] system 00:01: iomem range 0xfee00000-0xfee00fff could not be reserved\n[    0.211731] system 00:08: ioport range 0x1080-0x1080 has been reserved\n[    0.211738] system 00:08: ioport range 0x220-0x22f has been reserved\n[    0.211745] system 00:08: ioport range 0x40b-0x40b has been reserved\n[    0.211752] system 00:08: ioport range 0x4d0-0x4d1 has been reserved\n[    0.211758] system 00:08: ioport range 0x4d6-0x4d6 has been reserved\n[    0.211766] system 00:08: ioport range 0x530-0x537 has been reserved\n[    0.211772] system 00:08: ioport range 0xc00-0xc01 has been reserved\n[    0.211779] system 00:08: ioport range 0xc14-0xc14 has been reserved\n[    0.211786] system 00:08: ioport range 0xc50-0xc52 has been reserved\n[    0.211793] system 00:08: ioport range 0xc6c-0xc6c has been reserved\n[    0.211800] system 00:08: ioport range 0xc6f-0xc6f has been reserved\n[    0.211807] system 00:08: ioport range 0xcd0-0xcd3 has been reserved\n[    0.211814] system 00:08: ioport range 0xcd4-0xcd5 has been reserved\n[    0.211821] system 00:08: ioport range 0xcd6-0xcd7 has been reserved\n[    0.211828] system 00:08: ioport range 0xcd8-0xcdf has been reserved\n[    0.211835] system 00:08: ioport range 0x8000-0x805f has been reserved\n[    0.211842] system 00:08: ioport range 0xf40-0xf47 has been reserved\n[    0.211853] system 00:08: ioport range 0x87f-0x87f has been reserved\n[    0.211864] system 00:09: iomem range 0xfff00000-0xffffffff could not be reserved\n[    0.211872] system 00:09: iomem range 0xc0004800-0xc0004bff has been reserved\n[    0.211880] system 00:09: iomem range 0xfed00000-0xfed003ff has been reserved\n[    0.242116] pci 0000:00:01.0: PCI bridge, secondary bus 0000:01\n[    0.242123] pci 0000:00:01.0:   IO window: 0x9000-0x9fff\n[    0.242130] pci 0000:00:01.0:   MEM window: 0xc0100000-0xc01fffff\n[    0.242136] pci 0000:00:01.0:   PREFETCH window: 0x000000c8000000-0x000000cfffffff\n[    0.242145] pci 0000:00:05.0: PCI bridge, secondary bus 0000:02\n[    0.242150] pci 0000:00:05.0:   IO window: disabled\n[    0.242155] pci 0000:00:05.0:   MEM window: disabled\n[    0.242161] pci 0000:00:05.0:   PREFETCH window: disabled\n[    0.242168] pci 0000:00:14.4: PCI bridge, secondary bus 0000:08\n[    0.242172] pci 0000:00:14.4:   IO window: disabled\n[    0.242181] pci 0000:00:14.4:   MEM window: 0xc0300000-0xc03fffff\n[    0.242189] pci 0000:00:14.4:   PREFETCH window: disabled\n[    0.242208] PCI: Setting latency timer of device 0000:00:05.0 to 64\n[    0.242223] NET: Registered protocol family 2\n[    0.242274] Switched to high resolution mode on CPU 1\n[    0.252607] IP route cache hash table entries: 32768 (order: 5, 131072 bytes)\n[    0.252870] TCP established hash table entries: 131072 (order: 8, 1048576 bytes)\n[    0.253530] TCP bind hash table entries: 65536 (order: 7, 524288 bytes)\n[    0.253866] TCP: Hash tables configured (established 131072 bind 65536)\n[    0.253873] TCP reno registered\n[    0.255958] NET: Registered protocol family 1\n[    0.256218] Machine check exception polling timer started.\n[    0.256556] Total HugeTLB memory allocated, 0\n[    0.257808] DLM (built Jul 21 2008 22:47:24) installed\n[    0.258172] Installing knfsd (copyright (C) 1996 okir@monad.swb.de).\n[    0.258285] msgmni has been set to 1760\n[    0.258401] Block layer SCSI generic (bsg) driver version 0.4 loaded (major 253)\n[    0.258410] io scheduler noop registered\n[    0.258415] io scheduler anticipatory registered\n[    0.258419] io scheduler deadline registered\n[    0.258433] io scheduler cfq registered (default)\n[    0.258442] pci 0000:00:00.0: MSI quirk detected; MSI disabled\n[    0.258548] pci 0000:01:05.0: Boot video device\n[    0.258619] PCI: Setting latency timer of device 0000:00:05.0 to 64\n[    0.258640] pcieport-driver 0000:00:05.0: found MSI capability\n[    0.258648] pci_express 0000:00:05.0:pcie00: allocate port service\n[    0.258665] pci_express 0000:00:05.0:pcie02: allocate port service\n[    0.258723] pci_hotplug: PCI Hot Plug PCI Core version: 0.5\n[    0.258807] vesafb: framebuffer at 0xc8000000, mapped to 0xf8880000, using 1536k, total 16384k\n[    0.258816] vesafb: mode is 1024x768x8, linelength=1024, pages=20\n[    0.258821] vesafb: protected mode interface info at c000:51a0\n[    0.258827] vesafb: pmi: set display start = c00c5234, set palette = c00c5280\n[    0.258832] vesafb: pmi: ports = 9010 9016 9054 9038 903c 905c 9000 9004 90b0 90b2 90b4\n[    0.258845] vesafb: scrolling: redraw\n[    0.258851] vesafb: Pseudocolor: size=8:8:8:8, shift=0:0:0:0\n[    0.258885] fbcon: VESA VGA (fb0) is primary device\n[    0.285578] Console: switching to colour frame buffer device 128x48\n[    0.312477] fb0: VESA VGA frame buffer device\n[    0.314465] ACPI: AC Adapter [ACAD] (on-line)\n[    0.698517] ACPI: Battery Slot [BAT1] (battery present)\n[    0.698845] input: Power Button (FF) as /class/input/input0\n[    0.699124] ACPI: Power Button (FF) [PWRF]\n[    0.699371] input: Power Button (CM) as /class/input/input1\n[    0.699649] ACPI: Power Button (CM) [PWRB]\n[    0.699911] input: Sleep Button (CM) as /class/input/input2\n[    0.700195] ACPI: Sleep Button (CM) [SLPB]\n[    0.700435] input: Lid Switch as /class/input/input3\n[    0.701624] ACPI: Lid Switch [LID]\n[    0.702054] input: Video Bus as /class/input/input4\n[    0.702299] ACPI: Video Device [VGA] (multi-head: yes  rom: no  post: no)\n[    0.704378] ACPI: ACPI0007:00 is registered as cooling_device0\n[    0.704679] ACPI: Processor [CPU0] (supports 8 throttling states)\n[    0.705105] ACPI: ACPI0007:01 is registered as cooling_device1\n[    0.707667] ACPI: LNXTHERM:01 is registered as thermal_zone0\n[    0.708929] ACPI: Thermal Zone [THRM] (59 C)\n[    0.730520] hpet_resources: 0xfed00000 is busy\n[    0.730655] Linux agpgart interface v0.103\n[    0.730877] ipmi message handler version 39.2\n[    0.731104] ipmi device interface\n[    0.731286] IPMI System Interface driver.\n[    0.739240] ipmi_si: Unable to find any System Interface(s)\n[    0.749158] IPMI Watchdog: driver initialized\n[    0.758983] Copyright (C) 2004 MontaVista Software - IPMI Powerdown via sys_reboot.\n[    0.769089] [drm] Initialized drm 1.1.0 20060810\n[    0.779079] Serial: 8250/16550 driver4 ports, IRQ sharing disabled\n[    0.789752] loop: module loaded\n[    0.799728] b44 0000:08:00.0: PCI INT A -> GSI 21 (level, low) -> IRQ 21\n[    0.858410] ssb: Sonics Silicon Backplane found on PCI device 0000:08:00.0\n[    0.868539] b44.c:v2.0\n[    0.895382] eth0: Broadcom 44xx/47xx 10/100BaseT Ethernet 00:19:b9:4e:20:8a\n[    0.906039] Uniform Multi-Platform E-IDE driver\n[    0.916599] SB600_PATA: IDE controller (0x1002:0x438c rev 0x00) at  PCI slot 0000:00:14.1\n[    0.927393] ATIIXP_IDE 0000:00:14.1: PCI INT A -> GSI 16 (level, low) -> IRQ 16\n[    0.938255] SB600_PATA: not 100% native mode: will probe irqs later\n[    0.949114]     ide0: BM-DMA at 0x8420-0x8427\n[    0.959873] Probing IDE interface ide0...\n[    1.658747] hda: HL-DT-ST DVD+/-RW GSA-T11N, ATAPI CD/DVD-ROM drive\n[    1.988359] hda: host max PIO4 wanted PIO255(auto-tune) selected PIO4\n[    1.989170] hda: UDMA/33 mode selected\n[    2.000209] ide0 at 0x1f0-0x1f7,0x3f6 on irq 14\n[    2.014082] ide_generic: please use \"probe_mask=0x3f\" module parameter for probing all legacy ISA IDE ports\n[    2.025153] ide_generic: I/O resource 0x1F0-0x1F7 not free.\n[    2.036143] Probing IDE interface ide1...\n[    2.571686] ide1 at 0x170-0x177,0x376 on irq 15\n[    2.584579] hda: ATAPI 24X DVD-ROM DVD-R CD-R/RW drive, 2048kB Cache\n[    2.595598] Uniform CD-ROM driver Revision: 3.20\n[    2.613977] Driver 'sd' needs updating - please use bus_type methods\n[    2.625108] ahci 0000:00:12.0: version 3.0\n[    2.625120] ahci 0000:00:12.0: PCI INT A -> GSI 22 (level, low) -> IRQ 22\n[    2.636286] ahci 0000:00:12.0: controller can't do 64bit DMA, forcing 32bit\n[    2.647502] ahci 0000:00:12.0: AHCI 0001.0100 32 slots 4 ports 3 Gbps 0xf impl SATA mode\n[    2.658756] ahci 0000:00:12.0: flags: ncq sntf ilck led clo pmp pio\n[    2.670340] scsi0 : ahci\n[    2.681520] scsi1 : ahci\n[    2.692433] scsi2 : ahci\n[    2.703201] scsi3 : ahci\n[    2.720445] ata1: SATA max UDMA/133 irq_stat 0x00400040, connection status changed irq 22\n[    2.728786] ata2: SATA max UDMA/133 abar m1024@0xc0004000 port 0xc0004180 irq 22\n[    2.739616] ata3: SATA max UDMA/133 abar m1024@0xc0004000 port 0xc0004200 irq 22\n[    2.755584] ata4: SATA max UDMA/133 abar m1024@0xc0004000 port 0xc0004280 irq 22\n[    3.637902] ata1: softreset failed (device not ready)\n[    3.648575] ata1: failed due to HW bug, retry pmp=0\n[    3.817921] ata1: SATA link up 1.5 Gbps (SStatus 113 SControl 300)\n[    4.252015] ata1.00: ATA-7: TOSHIBA MK1234GSX, AH001D, max UDMA/100\n[    4.262612] ata1.00: 234441648 sectors, multi 16: LBA48 NCQ (depth 31/32)\n[    4.273227] ata1.00: SB600 AHCI: limiting to 255 sectors per cmd\n[    4.285080] ata1.00: SB600 AHCI: limiting to 255 sectors per cmd\n[    4.294756] ata1.00: configured for UDMA/100\n[    4.625004] ata2: SATA link down (SStatus 0 SControl 300)\n[    4.955247] ata3: SATA link down (SStatus 0 SControl 300)\n[    5.285241] ata4: SATA link down (SStatus 0 SControl 300)\n[    5.295585] scsi 0:0:0:0: Direct-Access     ATA      TOSHIBA MK1234GS AH00 PQ: 0 ANSI: 5\n[    5.306328] sd 0:0:0:0: [sda] 234441648 512-byte hardware sectors (120034 MB)\n[    5.320419] sd 0:0:0:0: [sda] Write Protect is off\n[    5.328750] sd 0:0:0:0: [sda] Mode Sense: 00 3a 00 00\n[    5.330925] sd 0:0:0:0: [sda] Write cache: enabled, read cache: enabled, doesn't support DPO or FUA\n[    5.341567] sd 0:0:0:0: [sda] 234441648 512-byte hardware sectors (120034 MB)\n[    5.355508] sd 0:0:0:0: [sda] Write Protect is off\n[    5.366136] sd 0:0:0:0: [sda] Mode Sense: 00 3a 00 00\n[    5.366136] sd 0:0:0:0: [sda] Write cache: enabled, read cache: enabled, doesn't support DPO or FUA\n[    5.371172]  sda: sda1 sda2 sda3 < sda5 sda6 sda7 sda8 >\n[    5.490166] sd 0:0:0:0: [sda] Attached SCSI disk\n[    5.500667] sd 0:0:0:0: Attached scsi generic sg0 type 0\n[    5.511069] usbmon: debugfs is not available\n[    5.521351] ehci_hcd 0000:00:13.5: PCI INT D -> GSI 19 (level, low) -> IRQ 19\n[    5.531699] ehci_hcd 0000:00:13.5: EHCI Host Controller\n[    5.541866] ehci_hcd 0000:00:13.5: new USB bus registered, assigned bus number 1\n[    5.552039] ehci_hcd 0000:00:13.5: debug port 1\n[    5.562005] ehci_hcd 0000:00:13.5: irq 19, io mem 0xc0004400\n[    5.580772] ehci_hcd 0000:00:13.5: USB 2.0 started, EHCI 1.00, driver 10 Dec 2004\n[    5.590097] usb usb1: configuration #1 chosen from 1 choice\n[    5.599993] hub 1-0:1.0: USB hub found\n[    5.609613] hub 1-0:1.0: 10 ports detected\n[    5.720208] usb usb1: New USB device found, idVendor=1d6b, idProduct=0002\n[    5.729817] usb usb1: New USB device strings: Mfr=3, Product=2, SerialNumber=1\n[    5.739389] usb usb1: Product: EHCI Host Controller\n[    5.748879] usb usb1: Manufacturer: Linux 2.6.26-g6-+-05253-g14b395e ehci_hcd\n[    5.758493] usb usb1: SerialNumber: 0000:00:13.5\n[    5.767993] ohci_hcd: 2006 August 04 USB 1.1 'Open' Host Controller (OHCI) Driver\n[    5.768006] ohci_hcd 0000:00:13.0: PCI INT A -> GSI 16 (level, low) -> IRQ 16\n[    5.777691] ohci_hcd 0000:00:13.0: OHCI Host Controller\n[    5.787240] ohci_hcd 0000:00:13.0: new USB bus registered, assigned bus number 2\n[    5.796782] ohci_hcd 0000:00:13.0: irq 16, io mem 0xc0005000\n[    5.860879] usb usb2: configuration #1 chosen from 1 choice\n[    5.870511] hub 2-0:1.0: USB hub found\n[    5.880256] hub 2-0:1.0: 2 ports detected\n[    5.990194] usb usb2: New USB device found, idVendor=1d6b, idProduct=0001\n[    6.000018] usb usb2: New USB device strings: Mfr=3, Product=2, SerialNumber=1\n[    6.009824] usb usb2: Product: OHCI Host Controller\n[    6.019733] usb usb2: Manufacturer: Linux 2.6.26-g6-+-05253-g14b395e ohci_hcd\n[    6.029962] usb usb2: SerialNumber: 0000:00:13.0\n[    6.040099] ohci_hcd 0000:00:13.1: PCI INT B -> GSI 17 (level, low) -> IRQ 17\n[    6.050443] ohci_hcd 0000:00:13.1: OHCI Host Controller\n[    6.060669] ohci_hcd 0000:00:13.1: new USB bus registered, assigned bus number 3\n[    6.070945] ohci_hcd 0000:00:13.1: irq 17, io mem 0xc0006000\n[    6.138337] usb usb3: configuration #1 chosen from 1 choice\n[    6.148472] hub 3-0:1.0: USB hub found\n[    6.158659] hub 3-0:1.0: 2 ports detected\n[    6.270139] usb usb3: New USB device found, idVendor=1d6b, idProduct=0001\n[    6.280398] usb usb3: New USB device strings: Mfr=3, Product=2, SerialNumber=1\n[    6.290873] usb usb3: Product: OHCI Host Controller\n[    6.301429] usb usb3: Manufacturer: Linux 2.6.26-g6-+-05253-g14b395e ohci_hcd\n[    6.312072] usb usb3: SerialNumber: 0000:00:13.1\n[    6.322548] ohci_hcd 0000:00:13.2: PCI INT C -> GSI 18 (level, low) -> IRQ 18\n[    6.333154] ohci_hcd 0000:00:13.2: OHCI Host Controller\n[    6.343594] ohci_hcd 0000:00:13.2: new USB bus registered, assigned bus number 4\n[    6.354082] ohci_hcd 0000:00:13.2: irq 18, io mem 0xc0007000\n[    6.420804] usb usb4: configuration #1 chosen from 1 choice\n[    6.431148] hub 4-0:1.0: USB hub found\n[    6.441274] hub 4-0:1.0: 2 ports detected\n[    6.553451] usb usb4: New USB device found, idVendor=1d6b, idProduct=0001\n[    6.563318] usb 3-1: new low speed USB device using ohci_hcd and address 2\n[    6.574041] usb usb4: New USB device strings: Mfr=3, Product=2, SerialNumber=1\n[    6.584389] usb usb4: Product: OHCI Host Controller\n[    6.594740] usb usb4: Manufacturer: Linux 2.6.26-g6-+-05253-g14b395e ohci_hcd\n[    6.605263] usb usb4: SerialNumber: 0000:00:13.2\n[    6.615681] ohci_hcd 0000:00:13.3: PCI INT B -> GSI 17 (level, low) -> IRQ 17\n[    6.626349] ohci_hcd 0000:00:13.3: OHCI Host Controller\n[    6.636901] ohci_hcd 0000:00:13.3: new USB bus registered, assigned bus number 5\n[    6.647500] ohci_hcd 0000:00:13.3: irq 17, io mem 0xc0008000\n[    6.714960] usb usb5: configuration #1 chosen from 1 choice\n[    6.725603] hub 5-0:1.0: USB hub found\n[    6.736067] hub 5-0:1.0: 2 ports detected\n[    6.752307] usb 3-1: configuration #1 chosen from 1 choice\n[    6.766339] usb 3-1: New USB device found, idVendor=093a, idProduct=2500\n[    6.776773] usb 3-1: New USB device strings: Mfr=1, Product=2, SerialNumber=0\n[    6.787199] usb 3-1: Product: USB OPTICAL MOUSE\n[    6.797473] usb 3-1: Manufacturer: PIXART\n[    6.846785] usb usb5: New USB device found, idVendor=1d6b, idProduct=0001\n[    6.857167] usb usb5: New USB device strings: Mfr=3, Product=2, SerialNumber=1\n[    6.867577] usb usb5: Product: OHCI Host Controller\n[    6.877942] usb usb5: Manufacturer: Linux 2.6.26-g6-+-05253-g14b395e ohci_hcd\n[    6.888448] usb usb5: SerialNumber: 0000:00:13.3\n[    6.898982] ohci_hcd 0000:00:13.4: PCI INT C -> GSI 18 (level, low) -> IRQ 18\n[    6.909603] ohci_hcd 0000:00:13.4: OHCI Host Controller\n[    6.920108] ohci_hcd 0000:00:13.4: new USB bus registered, assigned bus number 6\n[    6.930704] ohci_hcd 0000:00:13.4: irq 18, io mem 0xc0009000\n[    6.997461] usb usb6: configuration #1 chosen from 1 choice\n[    7.007882] hub 6-0:1.0: USB hub found\n[    7.018164] hub 6-0:1.0: 2 ports detected\n[    7.130113] usb usb6: New USB device found, idVendor=1d6b, idProduct=0001\n[    7.140512] usb usb6: New USB device strings: Mfr=3, Product=2, SerialNumber=1\n[    7.150921] usb usb6: Product: OHCI Host Controller\n[    7.161275] usb usb6: Manufacturer: Linux 2.6.26-g6-+-05253-g14b395e ohci_hcd\n[    7.171787] usb usb6: SerialNumber: 0000:00:13.4\n[    7.182338] Initializing USB Mass Storage driver...\n[    7.192782] usbcore: registered new interface driver usb-storage\n[    7.203276] USB Mass Storage support registered.\n[    7.213717] PNP: PS/2 Controller [PNP0303:KBC0,PNP0f13:MSE0] at 0x60,0x64 irq 1,12\n[    7.226442] serio: i8042 KBD port at 0x60,0x64 irq 1\n[    7.236963] serio: i8042 AUX port at 0x60,0x64 irq 12\n[    7.247334] mice: PS/2 mouse device common for all mice\n[    7.306112] input: AT Translated Set 2 keyboard as /class/input/input5\n[    7.324682] rtc_cmos 00:04: rtc core: registered rtc_cmos as rtc0\n[    7.335278] rtc0: alarms up to one month\n[    7.345696] i2c /dev entries driver\n[    7.356087] piix4_smbus 0000:00:14.0: SMBus Host Controller at 0x8410, revision 0\n[    7.366830] Driver for 1-wire Dallas network protocol.\n[    7.377606] 1-Wire driver for the DS2760 battery monitor  chip  - (c) 2004-2005, Szabolcs Gyurko\n[    7.968734] Synaptics Touchpad, model: 1, fw: 6.3, id: 0x180b1, caps: 0xa04713/0x200000\n[    8.015704] input: SynPS/2 Synaptics TouchPad as /class/input/input6\n[    8.033986] device-mapper: uevent: version 1.0.3\n[    8.044879] device-mapper: ioctl: 4.13.0-ioctl (2007-10-18) initialised: dm-devel@redhat.com\n[    8.056016] EDAC MC: Ver: 2.1.0 Jul 21 2008\n[    8.067190] cpuidle: using governor ladder\n[    8.078080] cpuidle: using governor menu\n[    8.088882] sdhci: Secure Digital Host Controller Interface driver\n[    8.099805] sdhci: Copyright(c) Pierre Ossman\n[    8.110643] usbcore: registered new interface driver hiddev\n[    8.127600] input: PIXART USB OPTICAL MOUSE as /class/input/input7\n[    8.144239] input,hidraw0: USB HID v1.10 Mouse [PIXART USB OPTICAL MOUSE] on usb-0000:00:13.1-1\n[    8.155663] usbcore: registered new interface driver usbhid\n[    8.166952] usbhid: v2.6:USB HID core driver\n[    8.178241] Advanced Linux Sound Architecture Driver Version 1.0.17.\n[    8.189795] HDA Intel 0000:00:14.2: PCI INT A -> GSI 16 (level, low) -> IRQ 16\n[    8.281318] ALSA device list:\n[    8.292709]   #0: HDA ATI SB at 0xc0000000 irq 16\n[    8.304081] oprofile: using NMI interrupt.\n[    8.315861] TCP cubic registered\n[    8.327053] NET: Registered protocol family 10\n[    8.339231] IPv6 over IPv4 tunneling driver\n[    8.350797] NET: Registered protocol family 17\n[    8.361978] RPC: Registered udp transport module.\n[    8.372925] RPC: Registered tcp transport module.\n[    8.384413] SCTP: Hash tables configured (established 65536 bind 65536)\n[    8.400988] powernow-k8: Found 1 AMD Turion(tm) 64 X2 Mobile Technology TL-56 processors (2 cpu cores) (version 2.20.00)\n[    8.414045] powernow-k8:    0 : fid 0xa (1800 MHz), vid 0x13\n[    8.425471] powernow-k8:    1 : fid 0x8 (1600 MHz), vid 0x15\n[    8.436777] powernow-k8:    2 : fid 0x0 (800 MHz), vid 0x1e\n[    8.447971] Starting balanced_irq\n[    8.458958] Using IPI No-Shortcut mode\n[    8.473226] rtc_cmos 00:04: setting system clock to 2008-07-22 09:55:49 UTC (1216720549)\n[    8.526685] kjournald starting.  Commit interval 5 seconds\n[    8.528410] EXT3-fs: mounted filesystem with ordered data mode.\n[    8.528410] VFS: Mounted root (ext3 filesystem) readonly.\n[    8.528410] Freeing unused kernel memory: 308k freed\n[   10.872501] shpchp: Standard Hot Plug PCI Controller Driver version: 0.4\n[   11.019464] Adding 1574328k swap on /dev/sda5.  Priority:-1 extents:1 across:1574328k\n[   11.104435] fuse init (API version 7.9)\n[   12.241082] EXT3 FS on sda7, internal journal\n[   12.230801] kjournald starting.  Commit interval 5 seconds\n[   12.598430] EXT3 FS on sda8, internal journal\n[   12.598430] EXT3-fs: mounted filesystem with ordered data mode.\n[   14.043340] ADDRCONF(NETDEV_UP): eth0: link is not ready\n[   17.350183] b44: eth0: Link is up at 100 Mbps, full duplex.\n[   17.350190] b44: eth0: Flow control is off for TX and off for RX.\n[   17.350851] ADDRCONF(NETDEV_CHANGE): eth0: link becomes ready\n[   25.725442] pci 0000:01:05.0: power state changed by ACPI to D0\n[   25.726157] pci 0000:01:05.0: PCI INT A -> GSI 17 (level, low) -> IRQ 17\n[   25.726410] [drm] Initialized radeon 1.29.0 20080528 on minor 0\n[   26.498359] Clocksource tsc unstable (delta = -164423884 ns)\n[   27.595910] [drm] Setting GART location based on new memory map\n[   27.596278] [drm] Loading R300 Microcode\n[   27.596305] [drm] Num pipes: 3\n[   27.596316] [drm] writeback test succeeded in 1 usecs\n[   27.968364] eth0: no IPv6 routers present\n[   52.858521] hda-intel: Invalid position buffer, using LPIB read method instead.\n[ 1028.112952] ACPI: EC: missing confirmations, switch off interrupt mode.\n[ 1031.163449] ACPI: EC: acpi_ec_wait timeout, status = 0x09, event = \"b0=1\"\n[ 1031.163619] ACPI: EC: read timeout, command = 130\n[ 1042.063581] ACPI: EC: acpi_ec_wait timeout, status = 0x09, event = \"b1=0\"\n[ 1042.063719] ACPI: EC: input buffer is not empty, aborting transaction\n[ 1042.069992] ACPI Exception (evregion-0419): AE_TIME, Returned by Handler for [EmbeddedControl] [20080609]\n[ 1042.070183] ACPI Error (psparse-0530): Method parse/execution failed [\\_SB_.LID_._LID] (Node f7816870), AE_TIME\n[ 1043.195060] ACPI: EC: acpi_ec_wait timeout, status = 0x09, event = \"b1=0\"\n[ 1043.195252] ACPI: EC: input buffer is not empty, aborting transaction\n[ 1043.201509] ACPI Exception (evregion-0419): AE_TIME, Returned by Handler for [EmbeddedControl] [20080609]\n[ 1043.201690] ACPI Error (psparse-0530): Method parse/execution failed [\\_SB_.LID_._LID] (Node f7816870), AE_TIME\n[ 1057.389100] ACPI: EC: acpi_ec_wait timeout, status = 0x09, event = \"b1=0\"\n[ 1057.389269] ACPI: EC: write_cmd timeout, command = 128\n[ 1057.397926] ACPI Exception (evregion-0419): AE_TIME, Returned by Handler for [EmbeddedControl] [20080609]\n[ 1057.398130] ACPI Error (psparse-0530): Method parse/execution failed [\\_SB_.LID_._LID] (Node f7816870), AE_TIME\n[ 1062.253830] ACPI: EC: acpi_ec_wait timeout, status = 0x09, event = \"b1=0\"\n[ 1062.253987] ACPI: EC: input buffer is not empty, aborting transaction\n[ 1062.406885] ACPI Exception (evregion-0419): AE_TIME, Returned by Handler for [EmbeddedControl] [20080609]\n[ 1062.407011] ACPI Error (psparse-0530): Method parse/execution failed [\\_SB_.LID_._LID] (Node f7816870), AE_TIME\n[ 1066.521670] ACPI: EC: acpi_ec_wait timeout, status = 0x09, event = \"b1=0\"\n[ 1066.521678] ACPI: EC: write_cmd timeout, command = 128\n[ 1067.713188] ACPI: EC: acpi_ec_wait timeout, status = 0x09, event = \"b1=0\"\n[ 1067.713196] ACPI: EC: finish-write timeout, command = 131\n[ 1067.713201] ACPI Exception (evregion-0419): AE_TIME, Returned by Handler for [EmbeddedControl] [20080609]\n[ 1067.713215] ACPI Error (psparse-0530): Method parse/execution failed [\\_SB_.LID_._LID] (Node f7816870), AE_TIME\n\nfrom the time about 1028 I could see the battery and DC get lost from KLaptop, ie, it says 'could not find power supply' or something like that.\nSteps to reproduce:",
  "patch": [
    "Subject: ACPI: Avoid bogus EC timeout when EC is in Polling mode\nFrom : Zhao Yakui <yakui.zhao@intel.com>\n\n\n\nWhen EC is in Polling mode, OS will check the EC status continually by using\nthe following source code:\n       clear_bit(EC_FLAGS_WAIT_GPE, &ec->flags);\n       while (time_before(jiffies, delay)) {\n               if (acpi_ec_check_status(ec, event))\n       \t            return 0;\n               msleep(1);\n       }\nBut msleep is realized by the function of schedule_timeout. At the same time\nalthough one process is already waken up by some events, it won't be scheduled\nimmediately. So maybe there exists the following phenomena:\n     a. The current jiffies is already after the predefined jiffies.\n\tBut before timeout happens, OS has no chance to check the EC\n\tstatus again.\n     b. If preempt schedule is enabled, maybe preempt schedule will happen\n\tbefore checking loop. When the process is resumed again, maybe\n\ttimeout already happens, which means that OS has no chance to check\n\tthe EC status.\n\nIn such case maybe EC status is already what OS expects when timeout happens.\nBut OS has no chance to check the EC status and regards it as AE_TIME.\n\nSo it will be more appropriate that OS will try to check the EC status again \nwhen timeout happens. If the EC status is what we expect, it won't be regarded\nas timeout. Only when the EC status is not what we expect, it will be regarded\nas timeout, which means that EC controller can't give a response in time.\n\n---\n drivers/acpi/ec.c |    2 ++\n 1 file changed, 2 insertions(+)\n\nIndex: linux-2.6/drivers/acpi/ec.c\n===================================================================\n--- linux-2.6.orig/drivers/acpi/ec.c\n+++ linux-2.6/drivers/acpi/ec.c\n@@ -196,6 +196,8 @@ static int acpi_ec_wait(struct acpi_ec *\n \t\t\t\treturn 0;\n \t\t\tmsleep(1);\n \t\t}\n+\t\tif (acpi_ec_check_status(ec,event))\n+\t\t\treturn 0;\n \t}\n \tpr_err(PREFIX \"acpi_ec_wait timeout, status = 0x%2.2x, event = %s\\n\",\n \t\tacpi_ec_read_status(ec),\n",
    "Subject: ACPI: Avoid bogus EC mode switch from interrupt to polling\nFrom : Zhao Yakui <yakui.zhao@intel.com>\n\nWhen EC works in GPE interrupt mode, sometimes it will be switched from\ninterrupt mode to polling mode when EC timeout happens.\n     if (wait_event_timeout(ec->wait, acpi_ec_check_status(ec, event),\n                msecs_to_jiffies(ACPI_EC_DELAY)))\n\t      return 0;\n\t\nIn fact in Linux although one process is already by wakeup by some events\n(For example: interrupt wakeup, timeout wakeup), it won't be scheduled\nimmediately. Maybe it will have to wait for some time before it is scheduled\non some CPU. In such case maybe there exists the following phenomena.\n    a. OS will check the EC status before the process is added to sleeping \n        waitqueue.If the EC status is not what we expect, it will be added to\n\tthe sleeping waitqueue. Of course the state of the process will be\n\tchanged to TASK_UNINTERRUPTIBLE.\n    b. When the EC GPE interrupt is triggered, the waiting process will be\n\twaked up in the GPE interrupt service routine. But as the process\n\tcan't be scheduled immediately, maybe the wait_event_timeout will \n\talso return 0, which means that timeout happens and EC will be \n\tswitched from interrupt mode to polling mode. \n\nAs when the EC_FLAGS_WAIT_GPE bit will be cleared in GPE handler, Maybe it \nwill be appropriate that OS check the EC_FLAGS_WAIT_GPE bit of EC flag and \nEC status before mode switch although timeout happens. If the bit of \nEC_FLAGS_WAIT_GPE is changed and EC status is what we expect, OS won't\nswitch EC work mode even when the timeout happens. Otherwise it will continue\nthe orignal routine.\n\n---\n drivers/acpi/ec.c |    9 +++++++++\n 1 file changed, 9 insertions(+)\n\nIndex: linux-2.6/drivers/acpi/ec.c\n===================================================================\n--- linux-2.6.orig/drivers/acpi/ec.c\n+++ linux-2.6/drivers/acpi/ec.c\n@@ -178,6 +178,15 @@ static int acpi_ec_wait(struct acpi_ec *\n \t\tif (wait_event_timeout(ec->wait, acpi_ec_check_status(ec, event),\n \t\t\t\t       msecs_to_jiffies(ACPI_EC_DELAY)))\n \t\t\treturn 0;\n+\t\t/*\n+\t\t * If the EC_FLAGS_WAI_GPE bit is already clear and EC status\n+\t\t * is what OS expects, it won't be switched interrupt mode to\n+\t\t * polling mode.\n+\t\t */\n+\t\tif (!test_bit(EC_FLAGS_WAIT_GPE, &ec->flags) &&\n+\t\t\tacpi_ec_check_status(ec, event))\n+\t\t\treturn 0;\n+\n \t\tclear_bit(EC_FLAGS_WAIT_GPE, &ec->flags);\n \t\tif (acpi_ec_check_status(ec, event)) {\n \t\t\t/* missing GPEs, switch back to poll mode */\n",
    "Subject : ACPI: Disable the burst access mode for EC device\n---\n drivers/acpi/ec.c |    4 ++--\n 1 file changed, 2 insertions(+), 2 deletions(-)\n\nIndex: linux-2.6/drivers/acpi/ec.c\n===================================================================\n--- linux-2.6.orig/drivers/acpi/ec.c\n+++ linux-2.6/drivers/acpi/ec.c\n@@ -550,7 +550,7 @@ acpi_ec_space_handler(u32 function, acpi\n \tif (bits != 8 && acpi_strict)\n \t\treturn AE_BAD_PARAMETER;\n \n-\tacpi_ec_burst_enable(ec);\n+//\tacpi_ec_burst_enable(ec);\n \n \tif (function == ACPI_READ) {\n \t\tresult = acpi_ec_read(ec, address, &temp);\n@@ -571,7 +571,7 @@ acpi_ec_space_handler(u32 function, acpi\n \t\t}\n \t}\n \n-\tacpi_ec_burst_disable(ec);\n+//\tacpi_ec_burst_disable(ec);\n \n \tswitch (result) {\n \tcase -EINVAL:\n",
    "Subject: ACPI : Discard EC burst mode when burst mode timeout happens\n\n---\n drivers/acpi/ec.c |   41 ++++++++++++++++++++++++++++++++++++++++-\n 1 file changed, 40 insertions(+), 1 deletion(-)\n\nIndex: linux-2.6/drivers/acpi/ec.c\n===================================================================\n--- linux-2.6.orig/drivers/acpi/ec.c\n+++ linux-2.6/drivers/acpi/ec.c\n@@ -110,6 +110,8 @@ static struct acpi_ec {\n \tu8 handlers_installed;\n } *boot_ec, *first_ec;\n \n+static unsigned int ec_burst_timeout;\n+\n /* --------------------------------------------------------------------------\n                              Transaction Management\n    -------------------------------------------------------------------------- */\n@@ -300,11 +302,48 @@ static int acpi_ec_transaction(struct ac\n int acpi_ec_burst_enable(struct acpi_ec *ec)\n {\n \tu8 d;\n-\treturn acpi_ec_transaction(ec, ACPI_EC_BURST_ENABLE, NULL, 0, &d, 1, 0);\n+\tint status = 0;\n+\n+\t/*\n+\t * If the burst mode is disabled, it will return directly.\n+\t */\n+\tif (ec_burst_timeout)\n+\t\treturn 0;\n+\n+\tstatus = acpi_ec_transaction(ec, ACPI_EC_BURST_ENABLE, NULL, 0,\n+\t\t\t\t\t&d, 1, 0);\n+\tif (status == -ETIME) {\n+\t\t/*\n+\t\t * When timeouts happends, the burst mode will be disabled.\n+\t\t * In such case OS won't use burst mode again in the following\n+\t\t * transaction sequence.\n+\t\t */\n+\t\tec_burst_timeout = 1;\n+\t}\n+\treturn status;\n }\n \n int acpi_ec_burst_disable(struct acpi_ec *ec)\n {\n+\tu8 ec_status;\n+\n+\tif (ec_burst_timeout) {\n+\t\t/*\n+\t\t * If burst mode is disabled, it means that the EC won't\n+\t\t * enter the burst mode again. In such case it is unnecessary\n+\t\t * to issue the BURST_DISABLE command.\n+\t\t */\n+\t\treturn 0;\n+\t}\n+\n+\tec_status = acpi_ec_read_status(ec);\n+\tif (!(ec_status & ACPI_EC_FLAG_BURST)) {\n+\t\t/*\n+\t\t * If the EC has exit the burst mode already,it is unnecessary\n+\t\t * to issue the BURST_DISABLE command again.\n+\t\t */\n+\t\treturn 0;\n+\t}\n \treturn acpi_ec_transaction(ec, ACPI_EC_BURST_DISABLE, NULL, 0, NULL, 0, 0);\n }\n \n"
  ],
  "Status": "CLOSED CODE_FIX",
  "Alias": "None",
  "Product": "ACPI",
  "Classification": "Unclassified",
  "Component": "Power-Battery",
  "Hardware": "All Linux",
  "Importance": "P1 normal",
  "Assignee": "ykzhao",
  "URL": "",
  "Keywords": "",
  "Depends on": "",
  "Blocks": "Regressions-2.6.26",
  "Reported": "2008-07-21 19:43 UTC by Gu Rui",
  "Modified": "2008-09-28 03:49 UTC",
  "CC List": "5 users",
  "See Also": "",
  "Kernel Version": "2.6.26",
  "Subsystem": "",
  "Regression": "Yes",
  "Bisected commit-id": "",
  "paths": [
    "drivers/acpi/ec.c"
  ],
  "methods": [
    "acpi_ec_wait"
  ]
}