{
  "id": "7234",
  "title": "bttv initialisation hang, may be i2c locking deadlock",
  "description": "Most recent kernel where this bug did not occur:\n2.6.18_rc2-mm1\nKernel that have this bug:\nMM-Kernel from 2.6.18_rc6-mm1\n2.6.18-git11 also has this bug\nDistribution: Gentoo-2006.1\nHardware Environment: \n00:00.0 Host bridge: VIA Technologies, Inc. VT8363/8365 [KT133/KM133] (rev 03)\n00:01.0 PCI bridge: VIA Technologies, Inc. VT8363/8365 [KT133/KM133 AGP]\n00:07.0 ISA bridge: VIA Technologies, Inc. VT82C686 [Apollo Super South] (rev \n22)\n00:07.1 IDE interface: VIA Technologies, Inc. \nVT82C586A/B/VT82C686/A/B/VT823x/A/C PIPC Bus Master IDE (rev 10)\n00:07.2 USB Controller: VIA Technologies, Inc. VT82xxxxx UHCI USB 1.1 \nController (rev 10)\n00:07.3 USB Controller: VIA Technologies, Inc. VT82xxxxx UHCI USB 1.1 \nController (rev 10)\n00:07.4 Host bridge: VIA Technologies, Inc. VT82C686 [Apollo Super ACPI] (rev \n30)\n00:07.5 Multimedia audio controller: VIA Technologies, Inc. VT82C686 AC97 Audio \nController (rev 20)\n00:07.6 Communication controller: VIA Technologies, Inc. AC'97 Modem Controller \n(rev 20)\n00:08.0 Ethernet controller: MYSON Technology Inc SURECOM EP-320X-S 100/10M \nEthernet PCI Adapter\n00:09.0 Multimedia video controller: Brooktree Corporation Bt878 Video Capture \n(rev 11)\n00:09.1 Multimedia controller: Brooktree Corporation Bt878 Audio Capture (rev \n11)\n01:00.0 VGA compatible controller: nVidia Corporation NV11 [GeForce2 MX/MX 400] \n(rev a1)\n\n(I only use the Xorg-nv-driver and FB_NVIDIA included in the kernel)\n\nSoftware Environment:\nuptodate Gentoo x86 unstable:\nbinutils-2.17; gcc-4.1.1; udev-100-r2; module-init-tools-3.2.2-r1\nProblem Description:\n\nbooting with bttv compiled into the kernel hangs completly.\nUsing bttv (and its submodules) as modules udev fails to load all needed \nsubmodules, because one modprobe process hangs in state D.\n\nThe system still functions normaly, only my tv-card no longer works.\n\nSteps to reproduce:\nBooting any of the affected kernels on this systems.\n\nMore infos about the hanging processes:\nps axf after booting with bttv as module and then switch to runlevel 1:\n  PID TTY      STAT   TIME COMMAND\n    1 ?        Ss     0:01 init [1]\n    2 ?        SN     0:00 [ksoftirqd/0]\n    3 ?        S<     0:00 [events/0]\n    4 ?        S<     0:00 [khelper]\n 2469 ?        S<     0:00  \\_ [khelper]\n 2470 ?        D<     0:00      \\_ /sbin/modprobe -q -- msp3400\n    5 ?        S<     0:00 [kthread]\n    8 ?        S<     0:00  \\_ [kblockd/0]\n    9 ?        S<     0:00  \\_ [kacpid]\n   71 ?        S<     0:00  \\_ [ksuspend_usbd]\n   74 ?        S<     0:00  \\_ [khubd]\n   76 ?        S<     0:00  \\_ [kseriod]\n  147 ?        S      0:00  \\_ [pdflush]\n  148 ?        S      0:00  \\_ [pdflush]\n  149 ?        S<     0:00  \\_ [kswapd0]\n  150 ?        S<     0:00  \\_ [aio/0]\n  151 ?        S<     0:00  \\_ [xfslogd/0]\n  152 ?        S<     0:00  \\_ [xfsdatad/0]\n  754 ?        S<     0:00  \\_ [ata/0]\n  755 ?        S<     0:00  \\_ [ata_aux]\n  757 ?        S<     0:00  \\_ [scsi_eh_0]\n  758 ?        S<     0:00  \\_ [scsi_eh_1]\n  782 ?        S<     0:00  \\_ [khpsbpkt]\n  809 ?        S<     0:00  \\_ [kpsmoused]\n  843 ?        S<     0:00  \\_ [ac97/0]\n  855 ?        S<     0:00  \\_ [xfsbufd]\n  856 ?        S<     0:00  \\_ [xfssyncd]\n 2480 ?        S<     0:00  \\_ [msp34xx]\n 3514 ?        S<     0:00  \\_ [xfsbufd]\n 3522 ?        S<     0:00  \\_ [xfssyncd]\n 1033 ?        S<s    0:01 /sbin/udevd --daemon\n 1946 ?        D<     0:00 /sbin/modprobe \npci:v0000109Ed0000036Esv00000070sd000013EBbc04sc00i00\n10548 tty1     Ss     0:00 /bin/login --\n10596 tty1     S      0:00  \\_ -bash\n10615 tty1     R+     0:00      \\_ ps axf\n\nrelevant parts of SysRq-T:\n[  204.620000] khelper       S 00000282     0     4      1  2469       5     3 \n(L-TLB)\n[  204.620000]        dffc7f80 00000046 00000086 00000282 dffc7f54 00000086 \n00000000 00000000\n[  204.620000]        0000000a dffc6ab0 4e6ec800 0000001b 00000000 dffc6bc0 \n003d97cf dffe5438\n[  204.620000]        008b20d9 00000000 dffe5428 dffe5430 dffe5420 dffc7f9c \nc0128517 00000001\n[  204.620000] Call Trace:\n[  204.620000]  [<c0128517>] worker_thread+0x107/0x140\n[  204.620000]  [<c01169a0>] default_wake_function+0x0/0x10\n[  204.620000]  [<c0128410>] worker_thread+0x0/0x140\n[  204.620000]  [<c012ace4>] kthread+0xe4/0xf0\n[  204.620000]  [<c012ac00>] kthread+0x0/0xf0\n[  204.620000]  [<c0103a23>] kernel_thread_helper+0x7/0x14\n[  204.620000]  =======================\n[  204.620000] kthread       S 00000296     0     5      1     8    1033     4 \n(L-TLB)\n[  204.620000]        dffd0f80 00000046 00000086 00000296 dffd0f54 00000086 \n00000000 00000000\n[  204.620000]        0000000a dffc6580 e6b47f00 00000012 00000000 dffc6690 \n00000000 dffe5478\n[  204.620000]        00026817 00000000 dffe5468 dffe5470 dffe5460 dffd0f9c \nc0128517 00000001\n[  204.620000] Call Trace:\n[  204.620000]  [<c0128517>] worker_thread+0x107/0x140\n[  204.620000]  [<c01169a0>] default_wake_function+0x0/0x10\n[  204.620000]  [<c0128410>] worker_thread+0x0/0x140\n[  204.620000]  [<c012ace4>] kthread+0xe4/0xf0\n[  204.620000]  [<c012ac00>] kthread+0x0/0xf0\n[  204.620000]  [<c0103a23>] kernel_thread_helper+0x7/0x14\n[  204.620000]  =======================\n[  204.620000] udevd         S 00000246     0  1033      1         10548     5 \n(NOTLB)\n[  204.620000]        df37ab50 00000086 00000046 00000246 df670760 00000246 \n43ba3000 00000027\n[  204.620000]        00000008 dff20580 1623b580 0000002c 00000000 dff20690 \n00000000 00000000\n[  204.620000]        4ead9a00 00000000 00000008 00000000 00000000 00000000 \nc0408eda df103600\n[  204.620000] Call Trace:\n[  204.620000]  [<c0408eda>] schedule_timeout+0x7a/0xd0\n[  204.620000]  [<c0409188>] mutex_lock+0x8/0x20\n[  204.620000]  [<c017b897>] inotify_poll+0x47/0x70\n[  204.620000]  [<c0166c81>] do_select+0x3a1/0x490\n[  204.620000]  [<c0167360>] __pollwait+0x0/0x100\n[  204.620000]  [<c01169a0>] default_wake_function+0x0/0x10\n[  204.620000]  [<c01169a0>] default_wake_function+0x0/0x10\n[  204.620000]  [<c01169a0>] default_wake_function+0x0/0x10\n[  204.620000]  [<c01169a0>] default_wake_function+0x0/0x10\n[  204.620000]  [<c01150a0>] do_page_fault+0x4d0/0x610\n[  204.620000]  [<c0114bd0>] do_page_fault+0x0/0x610\n[  204.620000]  [<c040a089>] error_code+0x39/0x40\n[  204.620000]  [<c013c0a2>] __pagevec_free+0x22/0x30\n[  204.620000]  [<c013e355>] release_pages+0xe5/0x100\n[  204.620000]  [<c036c7e9>] skb_copy_datagram_iovec+0x169/0x220\n[  204.620000]  [<c0184d0e>] proc_alloc_inode+0x3e/0x70\n[  204.620000]  [<c016c8da>] alloc_inode+0xca/0x180\n[  204.620000]  [<c016d688>] iget_locked+0x88/0x140\n[  204.620000]  [<c0184e2d>] proc_get_inode+0xed/0x160\n[  204.620000]  [<c016aff9>] d_instantiate+0x49/0x80\n[  204.620000]  [<c018879d>] proc_lookup+0x7d/0x90\n[  204.620000]  [<c01611f5>] do_lookup+0x65/0x190\n[  204.620000]  [<c0161518>] permission+0xd8/0x100\n[  204.620000]  [<c016b583>] dput+0xb3/0x120\n[  204.620000]  [<c0162d93>] __link_path_walk+0x343/0xdf0\n[  204.620000]  [<c0166f2b>] core_sys_select+0x1bb/0x2f0\n[  204.620000]  [<c0161518>] permission+0xd8/0x100\n[  204.620000]  [<c016f05b>] mntput_no_expire+0x1b/0x70\n[  204.620000]  [<c0162d93>] __link_path_walk+0x343/0xdf0\n[  204.620000]  [<c0161fef>] vfs_rename+0x30f/0x480\n[  204.620000]  [<c016f05b>] mntput_no_expire+0x1b/0x70\n[  204.620000]  [<c01638af>] link_path_walk+0x6f/0xe0\n[  204.620000]  [<c0161518>] permission+0xd8/0x100\n[  204.620000]  [<c011bfe8>] do_wait+0x458/0xa60\n[  204.620000]  [<c016b583>] dput+0xb3/0x120\n[  204.620000]  [<c016b583>] dput+0xb3/0x120\n[  204.620000]  [<c016770b>] sys_select+0x4b/0x1c0\n[  204.620000]  [<c011c621>] sys_wait4+0x31/0x40\n[  204.620000]  [<c0102e2d>] sysenter_past_esp+0x56/0x79\n[  204.620000]  =======================\n[  204.620000] modprobe      D 00000003     0  1946      1               10548 \n(NOTLB)\n[  204.620000]        c17fecb0 00000082 515dbe80 00000003 00000005 dffc6ab0 \n4cc1927a 00000003\n[  204.620000]        00000005 dfade560 515dbe80 00000003 00000000 dfade670 \n01f24b7a 00000000\n[  204.620000]        07270e00 00000000 c17fed24 dffc33e0 c17fed08 c17fecd0 \nc0408a58 00000001\n[  204.620000] Call Trace:\n[  204.620000]  [<c0408a58>] wait_for_completion+0x58/0x90\n[  204.620000]  [<c01169a0>] default_wake_function+0x0/0x10\n[  204.620000]  [<c012798f>] call_usermodehelper_keys+0xbf/0xd0\n[  204.620000]  [<c01279a0>] __call_usermodehelper+0x0/0x70\n[  204.620000]  [<c0127b4c>] request_module+0x9c/0xe0\n[  204.620000]  [<c011a7ab>] printk+0x1b/0x20\n[  204.620000]  [<e1934105>] bttv_I2CRead+0x115/0x130 [bttv]\n[  204.620000]  [<e192f9d5>] bttv_init_card2+0x485/0x1650 [bttv]\n[  204.620000]  [<c0323c51>] i2c_add_adapter+0x41/0x270\n[  204.620000]  [<e192e4a3>] bttv_probe+0x3f3/0x790 [bttv]\n[  204.620000]  [<c0253666>] pci_device_probe+0x56/0x80\n[  204.620000]  [<c02aee5a>] really_probe+0x3a/0xf0\n[  204.620000]  [<c02aef4f>] driver_probe_device+0x3f/0xa0\n[  204.620000]  [<c02af0da>] __driver_attach+0x9a/0xa0\n[  204.620000]  [<c02ae82a>] bus_for_each_dev+0x3a/0x60\n[  204.620000]  [<c02aed66>] driver_attach+0x16/0x20\n[  204.620000]  [<c02af040>] __driver_attach+0x0/0xa0\n[  204.620000]  [<c02ae43b>] bus_add_driver+0x7b/0x190\n[  204.620000]  [<c025380b>] __pci_register_driver+0x5b/0x80\n[  204.620000]  [<c01322b3>] sys_init_module+0x153/0x16f0\n[  204.620000]  [<e191c098>] packet_create+0x108/0x130 [af_packet]\n[  204.620000]  [<e191bfa8>] packet_create+0x18/0x130 [af_packet]\n[  204.620000]  [<e191c0c0>] packet_getname_spkt+0x0/0x90 [af_packet]\n[  204.620000]  [<e191bc84>] packet_sendmsg+0x1c4/0x270 [af_packet]\n[  204.620000]  [<e191c0e8>] packet_getname_spkt+0x28/0x90 [af_packet]\n[  204.620000]  [<c0102e2d>] sysenter_past_esp+0x56/0x79\n[  204.620000]  =======================\n[  204.620000] khelper       S 00000002     0  2469      4  2470               \n(L-TLB)\n[  204.620000]        df1c4f3c 00000046 c01161a7 00000002 df533560 df1c4f18 \n00000282 00800111\n[  204.620000]        00000002 dffa7ab0 51f65500 00000003 00000000 dffa7bc0 \n00000000 00000000\n[  204.620000]        00000000 00000000 c17fed08 df533560 00000001 00000004 \nc011c17e 00000000\n[  204.620000] Call Trace:\n[  204.620000]  [<c01161a7>] __activate_task+0x27/0x40\n[  204.620000]  [<c011c17e>] do_wait+0x5ee/0xa60\n[  204.620000]  [<c01012fe>] kernel_thread+0x8e/0xb0\n[  204.620000]  [<c01169a0>] default_wake_function+0x0/0x10\n[  204.620000]  [<c011c621>] sys_wait4+0x31/0x40\n[  204.620000]  [<c0127a86>] wait_for_helper+0x76/0xa0\n[  204.620000]  [<c0127a10>] wait_for_helper+0x0/0xa0\n[  204.620000]  [<c0103a23>] kernel_thread_helper+0x7/0x14\n[  204.620000]  =======================\n[  204.620000] modprobe      D DF670900     0  2470   2469                     \n(NOTLB)\n[  204.620000]        df705d74 00000086 c1496560 df670900 df533560 dffc6690 \ndffd0f80 c040858b\n[  204.620000]        00000001 df533560 54f14580 00000003 00000000 df533670 \n54f14580 00000003\n[  204.620000]        01c9c380 00000000 e1946d4c ffffffff df533560 e1946d50 \nc0409292 e1946d50\n[  204.620000] Call Trace:\n[  204.620000]  [<c040858b>] __sched_text_start+0x2ab/0x5e0\n[  204.620000]  [<c0409292>] __mutex_lock_slowpath+0x42/0x70\n[  204.620000]  [<c0409193>] mutex_lock+0x13/0x20\n[  204.620000]  [<c0323b6b>] i2c_clients_command+0x1b/0xc0\n[  204.620000]  [<e19342d7>] attach_inform+0xb7/0x110 [bttv]\n[  204.620000]  [<c0324103>] i2c_attach_client+0x73/0x1c0\n[  204.620000]  [<e08dd8fb>] msp_attach+0x42b/0x5c0 [msp3400]\n[  204.620000]  [<e08df0f0>] msp3410d_thread+0x0/0x560 [msp3400]\n[  204.620000]  [<c03231ee>] i2c_probe_address+0x3e/0x130\n[  204.620000]  [<c018e38a>] sysfs_create_link+0x7a/0x180\n[  204.620000]  [<c03234ec>] i2c_probe+0x20c/0x220\n[  204.620000]  [<e08dd4d0>] msp_attach+0x0/0x5c0 [msp3400]\n[  204.620000]  [<c02af333>] driver_create_file+0x33/0x50\n[  204.620000]  [<e08dd4d0>] msp_attach+0x0/0x5c0 [msp3400]\n[  204.620000]  [<c03238a9>] i2c_register_driver+0x79/0xa0\n[  204.620000]  [<c01322b3>] sys_init_module+0x153/0x16f0\n[  204.620000]  [<c0102e2d>] sysenter_past_esp+0x56/0x79\n[  204.620000]  =======================\n[  204.620000] msp34xx       S 00000246     0  2480      5          3514   856 \n(L-TLB)\n[  204.620000]        df924f70 00000046 00000000 00000246 df359b00 00000000 \ndf217300 00000001\n[  204.620000]        00000009 c1509560 54f14580 00000003 00000000 c1509670 \ndffc6580 df924f68\n[  204.620000]        00000000 00000000 dec6b73c ffffffff dec6b6c0 df93be00 \ne08dc9b4 00000000\n[  204.620000] Call Trace:\n[  204.620000]  [<e08dc9b4>] msp_sleep+0xc4/0xd0 [msp3400]\n[  204.620000]  [<c01169a0>] default_wake_function+0x0/0x10\n[  204.620000]  [<e08df174>] msp3410d_thread+0x84/0x560 [msp3400]\n[  204.620000]  [<e08df0f0>] msp3410d_thread+0x0/0x560 [msp3400]\n[  204.620000]  [<c012ace4>] kthread+0xe4/0xf0\n[  204.620000]  [<c012ac00>] kthread+0x0/0xf0\n[  204.620000]  [<c0103a23>] kernel_thread_helper+0x7/0x14\n[  204.620000]  =======================\n\nFor me it looks like a deadlock in the i2c locking:\n* modprobe-1946 waits for the khelper-thread, but has\ni2c_add_adapter+0x41/0x270 in its calltrace\n* modprobe-2470 from the khelper-thread waits for a mutex related to\ni2c_clients_command+0x1b/0xc0\n\ndmesg from not working kernel 2.6.18-git11:\n[    0.000000] Linux version 2.6.18-git11 (root@ariolc) (gcc version 4.1.1 \n(Gentoo 4.1.1-r1)) #1 Fri Sep 29 20:11:42 CEST 2006\n[    0.000000] BIOS-provided physical RAM map:\n[    0.000000]  BIOS-e820: 0000000000000000 - 000000000009fc00 (usable)\n[    0.000000]  BIOS-e820: 000000000009fc00 - 00000000000a0000 (reserved)\n[    0.000000]  BIOS-e820: 00000000000f0000 - 0000000000100000 (reserved)\n[    0.000000]  BIOS-e820: 0000000000100000 - 000000001fff0000 (usable)\n[    0.000000]  BIOS-e820: 000000001fff0000 - 000000001fff3000 (ACPI NVS)\n[    0.000000]  BIOS-e820: 000000001fff3000 - 0000000020000000 (ACPI data)\n[    0.000000]  BIOS-e820: 00000000ffff0000 - 0000000100000000 (reserved)\n[    0.000000] 511MB LOWMEM available.\n[    0.000000] Entering add_active_range(0, 0, 131056) 0 entries of 256 used\n[    0.000000] Zone PFN ranges:\n[    0.000000]   DMA             0 ->     4096\n[    0.000000]   Normal       4096 ->   131056\n[    0.000000] early_node_map[1] active PFN ranges\n[    0.000000]     0:        0 ->   131056\n[    0.000000] On node 0 totalpages: 131056\n[    0.000000]   DMA zone: 32 pages used for memmap\n[    0.000000]   DMA zone: 0 pages reserved\n[    0.000000]   DMA zone: 4064 pages, LIFO batch:0\n[    0.000000]   Normal zone: 991 pages used for memmap\n[    0.000000]   Normal zone: 125969 pages, LIFO batch:31\n[    0.000000] DMI 2.3 present.\n[    0.000000] ACPI: RSDP (v000 BIOSTA                                ) @ \n0x000f7440\n[    0.000000] ACPI: RSDT (v001 BIOSTA AWRDACPI 0x42302e31 AWRD 0x00000000) @ \n0x1fff3000\n[    0.000000] ACPI: FADT (v001 BIOSTA AWRDACPI 0x42302e31 AWRD 0x00000000) @ \n0x1fff3040\n[    0.000000] ACPI: DSDT (v001 VIA694 AWRDACPI 0x00001000 MSFT 0x0100000c) @ \n0x00000000\n[    0.000000] ACPI: PM-Timer IO Port: 0x4008\n[    0.000000] Allocating PCI resources starting at 30000000 (gap: \n20000000:dfff0000)\n[    0.000000] Detected 1002.305 MHz processor.\n[   19.250911] Built 1 zonelists.  Total pages: 130033\n[   19.250916] Kernel command line: root=/dev/sdb2 console=ttyS0,38400 \nconsole=tty1 lapic\n[   19.251317] Local APIC disabled by BIOS -- reenabling.\n[   19.251322] Found and enabled local APIC!\n[   19.251328] mapped APIC to ffffd000 (fee00000)\n[   19.251335] Enabling fast FPU save and restore... done.\n[   19.251340] Initializing CPU#0\n[   19.251476] CPU 0 irqstacks, hard=c0592000 soft=c0591000\n[   19.251483] PID hash table entries: 2048 (order: 11, 8192 bytes)\n[   19.252670] Console: colour VGA+ 80x25\n[   19.699175] Dentry cache hash table entries: 65536 (order: 6, 262144 bytes)\n[   19.720682] Inode-cache hash table entries: 32768 (order: 5, 131072 bytes)\n[   19.775239] Memory: 514192k/524224k available (3115k kernel code, 9480k \nreserved, 1332k data, 200k init, 0k highmem)\n[   19.806833] virtual kernel memory layout:\n[   19.806835]     fixmap  : 0xfffb7000 - 0xfffff000   ( 288 kB)\n[   19.806838]     vmalloc : 0xe0800000 - 0xfffb5000   ( 503 MB)\n[   19.806841]     lowmem  : 0xc0000000 - 0xdfff0000   ( 511 MB)\n[   19.806844]       .init : 0xc055a000 - 0xc058c000   ( 200 kB)\n[   19.806847]       .data : 0xc040add2 - 0xc055801c   (1332 kB)\n[   19.806850]       .text : 0xc0100000 - 0xc040add2   (3115 kB)\n[   19.922390] Checking if this processor honours the WP bit even in supervisor \nmode... Ok.\n[   20.090938] Calibrating delay using timer specific routine.. 2006.03 \nBogoMIPS (lpj=10030169)\n[   20.116398] Security Framework v1.0.0 initialized\n[   20.130559] Mount-cache hash table entries: 512\n[   20.144376] CPU: After generic identify, caps: 0183fbff c1c7fbff 00000000 \n00000000 00000000 00000000 00000000\n[   20.144391] CPU: L1 I Cache: 64K (64 bytes/line), D cache 64K (64 \nbytes/line)\n[   20.165812] CPU: L2 Cache: 256K (64 bytes/line)\n[   20.179422] CPU: After all inits, caps: 0183fbff c1c7fbff 00000000 00000420 \n00000000 00000000 00000000\n[   20.179434] Intel machine check architecture supported.\n[   20.195142] Intel machine check reporting enabled on CPU#0.\n[   20.211889] CPU: AMD Athlon(tm) Processor stepping 02\n[   20.227217] Checking 'hlt' instruction... OK.\n[   20.272277] ACPI: Core revision 20060707\n[   20.293071] ACPI: setting ELCR to 0800 (from 0e20)\n[   20.571309] NET: Registered protocol family 16\n[   20.584668] spurious 8259A interrupt: IRQ7.\n[   20.584842] ACPI: bus type pci registered\n[   20.613412] PCI: PCI BIOS revision 2.10 entry at 0xfb380, last bus=1\n[   20.632496] PCI: Using configuration type 1\n[   20.645070] Setting up standard PCI resources\n[   20.678366] ACPI: Interpreter enabled\n[   20.689397] ACPI: Using PIC for interrupt routing\n[   20.704509] ACPI: PCI Root Bridge [PCI0] (0000:00)\n[   20.718933] PCI: Probing PCI hardware (bus 00)\n[   20.719067] ACPI: Assume root bridge [\\_SB_.PCI0] bus is 0\n[   20.738008] Disabling VIA memory write queue (PCI ID 0305, rev 03): [55] 81 \n& 1f -> 01\n[   20.762094] PCI quirk: region 4000-40ff claimed by vt82c586 ACPI\n[   20.780142] PCI quirk: region 6000-607f claimed by vt82c686 HW-mon\n[   20.798706] PCI quirk: region 5000-500f claimed by vt82c686 SMB\n[   20.816897] Boot video device is 0000:01:00.0\n[   20.816960] ACPI: PCI Interrupt Routing Table [\\_SB_.PCI0._PRT]\n[   20.845634] ACPI: PCI Interrupt Link [LNKA] (IRQs 1 3 4 5 6 7 10 *11 12 14 \n15)\n[   20.868819] ACPI: PCI Interrupt Link [LNKB] (IRQs 1 3 4 5 6 7 *10 11 12 14 \n15)\n[   20.892033] ACPI: PCI Interrupt Link [LNKC] (IRQs 1 3 4 *5 6 7 10 11 12 14 \n15)\n[   20.915251] ACPI: PCI Interrupt Link [LNKD] (IRQs 1 3 4 5 6 7 10 11 12 14 \n15) *9\n[   20.942867] Linux Plug and Play Support v0.97 (c) Adam Belay\n[   20.959882] pnp: PnP ACPI init\n[   20.969184] pnp: ACPI device : hid PNP0C01\n[   20.969687] pnp: ACPI device : hid PNP0A03\n[   20.970174] pnp: ACPI device : hid PNP0C02\n[   20.970252] pnp: ACPI device : hid PNP0200\n[   20.970324] pnp: ACPI device : hid PNP0B00\n[   20.970408] pnp: ACPI device : hid PNP0800\n[   20.970478] pnp: ACPI device : hid PNP0C04\n[   20.970841] pnp: ACPI device : hid PNP0700\n[   20.971278] pnp: ACPI device : hid PNP0501\n[   20.972067] pnp: ACPI device : hid PNP0501\n[   20.973083] pnp: ACPI device : hid PNP0400\n[   20.973937] pnp: ACPI device : hid PNP0F13\n[   20.974075] pnp: ACPI device : hid PNP0303\n[   20.974157] pnp: PnP ACPI: found 13 devices\n[   20.986836] Generic PHY: Registered new driver\n[   21.000445] SCSI subsystem initialized\n[   21.011831] usbcore: registered new interface driver usbfs\n[   21.028370] usbcore: registered new interface driver hub\n[   21.044386] usbcore: registered new device driver usb\n[   21.059684] PCI: Using ACPI for IRQ routing\n[   21.072256] PCI: If a device doesn't work, try \"pci=routeirq\".  If it helps, \npost a report\n[   21.127722] pnp: the driver 'system' has been registered\n[   21.127772] pnp: match found with the PnP device '00:00' and the \ndriver 'system'\n[   21.127788] pnp: match found with the PnP device '00:02' and the \ndriver 'system'\n[   21.128195] PCI: Bridge: 0000:00:01.0\n[   21.139224]   IO window: disabled.\n[   21.149463]   MEM window: dc000000-ddffffff\n[   21.162033]   PREFETCH window: d0000000-d7ffffff\n[   21.175923] PCI: Setting latency timer of device 0000:00:01.0 to 64\n[   21.175969] NET: Registered protocol family 2\n[   21.280278] IP route cache hash table entries: 4096 (order: 2, 16384 bytes)\n[   21.301350] TCP established hash table entries: 16384 (order: 4, 65536 \nbytes)\n[   21.323070] TCP bind hash table entries: 8192 (order: 3, 32768 bytes)\n[   21.342556] TCP: Hash tables configured (established 16384 bind 8192)\n[   21.361882] TCP reno registered\n[   21.374030] Total HugeTLB memory allocated, 0\n[   21.387259] VFS: Disk quotas dquot_6.5.1\n[   21.399102] Dquot-cache hash table entries: 1024 (order 0, 4096 bytes)\n[   21.418872] SGI XFS with ACLs, security attributes, no debug enabled\n[   21.438164] SGI XFS Quota Management subsystem\n[   21.451599] io scheduler noop registered\n[   21.463489] io scheduler cfq registered (default)\n[   21.477809] PCI: Disabling Via external APIC routing\n[   21.492747] pci 0000:00:07.2: uhci_check_and_reset_hc: legsup = 0x2000\n[   21.492752] pci 0000:00:07.2: Performing full reset\n[   21.492769] pci 0000:00:07.3: uhci_check_and_reset_hc: legsup = 0x2000\n[   21.492773] pci 0000:00:07.3: Performing full reset\n[   21.493122] ACPI: CPU0 (power states: C1[C1] C2[C2])\n[   21.508288] ACPI: Processor [CPU0] (supports 2 throttling states)\n[   21.566883] Real Time Clock Driver v1.12ac\n[   21.579423] Non-volatile memory driver v1.2\n[   21.592069] Linux agpgart interface v0.101 (c) Dave Jones\n[   21.608415] agpgart: Detected VIA Twister-K/KT133x/KM133 chipset\n[   21.633376] agpgart: AGP aperture is 64M @ 0xd8000000\n[   21.648722] [drm] Initialized drm 1.0.1 20051102\n[   21.662676] Serial: 8250/16550 driver $Revision: 1.90 $ 1 ports, IRQ sharing \ndisabled\n[   21.686423] serial8250: ttyS0 at I/O 0x3f8 (irq = 4) is a 16550A\n[   21.704956] pnp: the driver 'serial' has been registered\n[   21.705101] pnp: match found with the PnP device '00:08' and the \ndriver 'serial'\n[   21.705404] 00:08: ttyS0 at I/O 0x3f8 (irq = 4) is a 16550A\n[   21.722476] pnp: match found with the PnP device '00:09' and the \ndriver 'serial'\n[   21.722818] pnp: Device 00:09 disabled.\n[   21.734582] parport_pc: VIA 686A/8231 detected\n[   21.734587] parport_pc: probing current configuration\n[   21.734606] parport_pc: Current parallel port base: 0x378\n[   21.734652] parport0: PC-style at 0x378, irq 7 [PCSPP,TRISTATE,EPP]\n[    1.420000] parport_pc: VIA parallel port: io=0x378, irq=7\n[    1.430000] Floppy drive(s): fd0 is 1.44M\n[    1.460000] FDC 0 is a post-1991 82077\n[    1.470000] fealnx.c:v2.52 Sep-11-2006\n[    1.480000] ACPI: PCI Interrupt Link [LNKA] enabled at IRQ 11\n[    1.490000] PCI: setting IRQ 11 as level-triggered\n[    1.490000] ACPI: PCI Interrupt 0000:00:08.0[A] -> Link [LNKA] -> GSI 11 \n(level, low) -> IRQ 11\n[    1.520000] eth0: 100/10M Ethernet PCI Adapter at 0001ec00, \n00:02:2a:c0:86:2a, IRQ 11.\n[    1.540000] Linux video capture interface: v2.00\n[    1.550000] libata version 2.00 loaded.\n[    1.550000] pata_via 0000:00:07.1: version 0.1.14\n[    1.550000] PCI: VIA IRQ fixup for 0000:00:07.1, from 255 to 0\n[    1.560000] ata1: PATA max UDMA/66 cmd 0x1F0 ctl 0x3F6 bmdma 0xD000 irq 14\n[    1.570000] ata2: PATA max UDMA/66 cmd 0x170 ctl 0x376 bmdma 0xD008 irq 15\n[    1.580000] scsi0 : pata_via\n[    1.750000] ata1.00: ATA-6, max UDMA/100, 39865392 sectors: LBA\n[    1.760000] ata1.00: ata1: dev 0 multi count 16\n[    1.770000] ata1.01: ATA-7, max UDMA/133, 490234752 sectors: LBA48\n[    1.780000] ata1.01: ata1: dev 1 multi count 16\n[    1.800000] ata1.00: configured for UDMA/33\n[    1.810000] ata1.01: configured for UDMA/33\n[    1.820000] scsi1 : pata_via\n[    2.150000] ata2.00: ATAPI, max MWDMA2\n[    2.320000] ata2.01: ATAPI, max MWDMA2\n[    2.490000] ata2.00: configured for MWDMA2\n[    2.660000] ata2.01: configured for MWDMA2\n[    2.670000] scsi 0:0:0:0: Direct-Access     ATA      SAMSUNG SV2042H  PK10 \nPQ: 0 ANSI: 5\n[    2.680000] SCSI device sda: 39865392 512-byte hdwr sectors (20411 MB)\n[    2.690000] sda: Write Protect is off\n[    2.700000] sda: Mode Sense: 00 3a 00 00\n[    2.700000] SCSI device sda: drive cache: write back\n[    2.710000] SCSI device sda: 39865392 512-byte hdwr sectors (20411 MB)\n[    2.720000] sda: Write Protect is off\n[    2.730000] sda: Mode Sense: 00 3a 00 00\n[    2.730000] SCSI device sda: drive cache: write back\n[    2.740000]  sda: sda1 sda2 < sda5 >\n[    2.770000] sd 0:0:0:0: Attached scsi disk sda\n[    2.790000] scsi 0:0:1:0: Direct-Access     ATA      Maxtor 6L250R0   BAH4 \nPQ: 0 ANSI: 5\n[    2.800000] SCSI device sdb: 490234752 512-byte hdwr sectors (251000 MB)\n[    2.810000] sdb: Write Protect is off\n[    2.820000] sdb: Mode Sense: 00 3a 00 00\n[    2.820000] SCSI device sdb: drive cache: write back\n[    2.830000] SCSI device sdb: 490234752 512-byte hdwr sectors (251000 MB)\n[    2.840000] sdb: Write Protect is off\n[    2.850000] sdb: Mode Sense: 00 3a 00 00\n[    2.850000] SCSI device sdb: drive cache: write back\n[    2.860000]  sdb: sdb1 sdb2 sdb3 sdb4 < sdb5 sdb6 >\n[    2.930000] sd 0:0:1:0: Attached scsi disk sdb\n[    2.940000] scsi 1:0:0:0: CD-ROM            SAMSUNG  DVD-ROM SD-612S  SS06 \nPQ: 0 ANSI: 5\n[    2.950000] scsi 1:0:1:0: CD-ROM            SAMSUNG  CD-R/RW SW-208B  BS04 \nPQ: 0 ANSI: 5\n[    2.960000] ieee1394: Initialized config rom entry `ip1394'\n[    2.960000] ieee1394: sbp2: Driver forced to serialize I/O (serialize_io=1)\n[    2.970000] ieee1394: sbp2: Try serialize_io=0 for better performance\n[    2.980000] ehci_hcd: block sizes: qh 128 qtd 96 itd 192 sitd 96\n[    2.980000] ohci_hcd: 2006 August 04 USB 1.1 'Open' Host Controller (OHCI) \nDriver (PCI)\n[    2.980000] ohci_hcd: block sizes: ed 64 td 64\n[    2.980000] USB Universal Host Controller Interface driver v3.0\n[    2.990000] ACPI: PCI Interrupt Link [LNKD] enabled at IRQ 10\n[    3.000000] PCI: setting IRQ 10 as level-triggered\n[    3.000000] ACPI: PCI Interrupt 0000:00:07.2[D] -> Link [LNKD] -> GSI 10 \n(level, low) -> IRQ 10\n[    3.020000] PCI: VIA IRQ fixup for 0000:00:07.2, from 9 to 10\n[    3.030000] uhci_hcd 0000:00:07.2: UHCI Host Controller\n[    3.040000] drivers/usb/core/inode.c: creating file 'devices'\n[    3.040000] drivers/usb/core/inode.c: creating file '001'\n[    3.040000] uhci_hcd 0000:00:07.2: new USB bus registered, assigned bus \nnumber 1\n[    3.050000] uhci_hcd 0000:00:07.2: detected 2 ports\n[    3.060000] uhci_hcd 0000:00:07.2: uhci_check_and_reset_hc: cmd = 0x0000\n[    3.060000] uhci_hcd 0000:00:07.2: Performing full reset\n[    3.060000] uhci_hcd 0000:00:07.2: irq 10, io base 0x0000d400\n[    3.070000] usb usb1: default language 0x0409\n[    3.070000] usb usb1: new device strings: Mfr=3, Product=2, SerialNumber=1\n[    3.070000] usb usb1: Product: UHCI Host Controller\n[    3.080000] usb usb1: Manufacturer: Linux 2.6.18-git11 uhci_hcd\n[    3.090000] usb usb1: SerialNumber: 0000:00:07.2\n[    3.100000] usb usb1: uevent\n[    3.100000] usb usb1: usb_probe_device\n[    3.100000] usb usb1: configuration #1 chosen from 1 choice\n[    3.110000] usb usb1: adding 1-0:1.0 (config #1, interface 0)\n[    3.110000] usb 1-0:1.0: uevent\n[    3.110000] hub 1-0:1.0: usb_probe_interface\n[    3.110000] hub 1-0:1.0: usb_probe_interface - got id\n[    3.110000] hub 1-0:1.0: USB hub found\n[    3.120000] hub 1-0:1.0: 2 ports detected\n[    3.130000] hub 1-0:1.0: standalone hub\n[    3.130000] hub 1-0:1.0: no power switching (usb 1.0)\n[    3.130000] hub 1-0:1.0: individual port over-current protection\n[    3.130000] hub 1-0:1.0: power on to power good time: 2ms\n[    3.130000] hub 1-0:1.0: local power source is good\n[    3.130000] hub 1-0:1.0: trying to enable port power on non-switchable hub\n[    3.240000] hub 1-0:1.0: state 7 ports 2 chg 0000 evt 0000\n[    3.240000] drivers/usb/core/inode.c: creating file '001'\n[    3.240000] ACPI: PCI Interrupt 0000:00:07.3[D] -> Link [LNKD] -> GSI 10 \n(level, low) -> IRQ 10\n[    3.260000] PCI: VIA IRQ fixup for 0000:00:07.3, from 9 to 10\n[    3.270000] uhci_hcd 0000:00:07.3: UHCI Host Controller\n[    3.280000] uhci_hcd 0000:00:07.2: port 1 portsc 018a,00\n[    3.280000] hub 1-0:1.0: port 1, status 0300, change 0003, 1.5 Mb/s\n[    3.280000] drivers/usb/core/inode.c: creating file '002'\n[    3.280000] uhci_hcd 0000:00:07.3: new USB bus registered, assigned bus \nnumber 2\n[    3.290000] uhci_hcd 0000:00:07.3: detected 2 ports\n[    3.300000] uhci_hcd 0000:00:07.3: uhci_check_and_reset_hc: cmd = 0x0000\n[    3.300000] uhci_hcd 0000:00:07.3: Performing full reset\n[    3.300000] uhci_hcd 0000:00:07.3: irq 10, io base 0x0000d800\n[    3.310000] usb usb2: default language 0x0409\n[    3.310000] usb usb2: new device strings: Mfr=3, Product=2, SerialNumber=1\n[    3.310000] usb usb2: Product: UHCI Host Controller\n[    3.320000] usb usb2: Manufacturer: Linux 2.6.18-git11 uhci_hcd\n[    3.330000] usb usb2: SerialNumber: 0000:00:07.3\n[    3.340000] usb usb2: uevent\n[    3.340000] usb usb2: usb_probe_device\n[    3.340000] usb usb2: configuration #1 chosen from 1 choice\n[    3.350000] usb usb2: adding 2-0:1.0 (config #1, interface 0)\n[    3.350000] usb 2-0:1.0: uevent\n[    3.350000] hub 2-0:1.0: usb_probe_interface\n[    3.350000] hub 2-0:1.0: usb_probe_interface - got id\n[    3.350000] hub 2-0:1.0: USB hub found\n[    3.360000] hub 2-0:1.0: 2 ports detected\n[    3.370000] hub 2-0:1.0: standalone hub\n[    3.370000] hub 2-0:1.0: no power switching (usb 1.0)\n[    3.370000] hub 2-0:1.0: individual port over-current protection\n[    3.370000] hub 2-0:1.0: power on to power good time: 2ms\n[    3.370000] hub 2-0:1.0: local power source is good\n[    3.370000] hub 2-0:1.0: trying to enable port power on non-switchable hub\n[    3.460000] hub 1-0:1.0: debounce: port 1: total 100ms stable 100ms status \n0x300\n[    3.460000] uhci_hcd 0000:00:07.2: port 2 portsc 018a,00\n[    3.460000] hub 1-0:1.0: port 2, status 0300, change 0003, 1.5 Mb/s\n[    3.480000] drivers/usb/core/inode.c: creating file '001'\n[    3.620000] hub 1-0:1.0: debounce: port 2: total 100ms stable 100ms status \n0x300\n[    3.620000] hub 1-0:1.0: state 7 ports 2 chg 0000 evt 0000\n[    3.620000] hub 2-0:1.0: state 7 ports 2 chg 0000 evt 0006\n[    3.620000] uhci_hcd 0000:00:07.3: port 1 portsc 018a,00\n[    3.620000] hub 2-0:1.0: port 1, status 0300, change 0003, 1.5 Mb/s\n[    3.780000] hub 2-0:1.0: debounce: port 1: total 100ms stable 100ms status \n0x300\n[    3.780000] uhci_hcd 0000:00:07.3: port 2 portsc 018a,00\n[    3.780000] hub 2-0:1.0: port 2, status 0300, change 0003, 1.5 Mb/s\n[    3.940000] hub 2-0:1.0: debounce: port 2: total 100ms stable 100ms status \n0x300\n[    3.940000] hub 2-0:1.0: state 7 ports 2 chg 0000 evt 0000\n[    3.940000] usbcore: registered new interface driver libusual\n[    3.950000] pnp: the driver 'i8042 kbd' has been registered\n[    3.950000] pnp: match found with the PnP device '00:0c' and the \ndriver 'i8042 kbd'\n[    3.950000] pnp: the driver 'i8042 aux' has been registered\n[    3.950000] pnp: match found with the PnP device '00:0b' and the \ndriver 'i8042 aux'\n[    3.950000] PNP: PS/2 Controller [PNP0303:PS2K,PNP0f13:PS2M] at 0x60,0x64 \nirq 1,12\n[    3.960000] serio: i8042 AUX port at 0x60,0x64 irq 12\n[    3.970000] serio: i8042 KBD port at 0x60,0x64 irq 1\n[    3.980000] mice: PS/2 mouse device common for all mice\n[    3.990000] input: PC Speaker as /class/input/input0\n[    4.020000] input: AT Translated Set 2 keyboard as /class/input/input1\n[    4.030000] i2c /dev entries driver\n[    4.180000] input: GenPS/2 Genius Mouse as /class/input/input2\n[    4.240000] Advanced Linux Sound Architecture Driver Version 1.0.12rc1 (Thu \nJun 22 13:55:50 2006 UTC).\n[    4.250000] ACPI: PCI Interrupt Link [LNKB] enabled at IRQ 10\n[    4.260000] ACPI: PCI Interrupt 0000:00:09.1[A] -> Link [LNKB] -> GSI 10 \n(level, low) -> IRQ 10\n[    4.280000] ACPI: PCI Interrupt Link [LNKC] enabled at IRQ 5\n[    4.290000] PCI: setting IRQ 5 as level-triggered\n[    4.290000] ACPI: PCI Interrupt 0000:00:07.5[C] -> Link [LNKC] -> GSI 5 \n(level, low) -> IRQ 5\n[    4.310000] PCI: Setting latency timer of device 0000:00:07.5 to 64\n[    4.490000] usb usb1: suspend_rh (auto-stop)\n[    4.830000] ALSA device list:\n[    4.830000]   #0: VIA 82C686A/B rev20 with STAC9721,23 at 0xdc00, irq 5\n[    4.840000]   #1: Brooktree Bt878 at 0xdf002000, irq 10\n[    4.850000] NET: Registered protocol family 1\n[    4.860000] NET: Registered protocol family 10\n[    4.870000] lo: Disabled Privacy Extensions\n[    4.880000] IPv6 over IPv4 tunneling driver\n[    4.890000] Testing NMI watchdog ... <7>usb usb2: suspend_rh (auto-stop)\n[    5.010000] OK.\n[    5.020000] Using IPI Shortcut mode\n[    5.030000] ACPI: (supports<6>Time: tsc clocksource has been installed.\n[    5.050000]  S0 S1 S4<6>Time: acpi_pm clocksource has been installed.\n[    5.070000]  S5)\n[    5.130000] XFS mounting filesystem sdb2\n[    5.240000] Ending clean XFS mount for filesystem: sdb2\n[    5.240000] VFS: Mounted root (xfs filesystem) readonly.\n[    5.250000] Freeing unused kernel memory: 200k freed\n[    6.730000] warning: process `touch' used the removed sysctl system call\n[    7.220000] usb 2-0:1.0: uevent\n[    7.220000] usb usb2: uevent\n[    7.220000] usb 1-0:1.0: uevent\n[    7.220000] usb usb1: uevent\n[   10.500000] sr0: scsi3-mmc drive: 16x/40x cd/rw xa/form2 cdda tray\n[   10.500000] Uniform CD-ROM driver Revision: 3.20\n[   10.510000] sr 1:0:0:0: Attached scsi CD-ROM sr0\n[   10.510000] sr1: scsi3-mmc drive: 8x/32x writer cd/rw xa/form2 cdda tray\n[   10.510000] sr 1:0:1:0: Attached scsi CD-ROM sr1\n[   10.570000] ACPI: PCI Interrupt 0000:01:00.0[A] -> Link [LNKA] -> GSI 11 \n(level, low) -> IRQ 11\n[   10.570000] nvidiafb: Device ID: 10de0110\n[   10.840000] nvidiafb: EDID found from BUS1\n[   10.860000] nvidiafb: Unable to detect which CRTCNumber...\n[   10.860000] ...Defaulting to CRTCNumber 0\n[   10.860000] nvidiafb: Using CRT on CRTC 0\n[   10.860000] nvidiafb: MTRR set to ON\n[   10.860000] nvidiafb: PCI nVidia NV11 framebuffer (32MB @ 0xD0000000)\n[   14.140000] bttv: driver version 0.9.16 loaded\n[   14.140000] bttv: using 8 buffers with 2080k (520 pages) each for capture\n[   14.140000] bttv: Bt8xx card found (0).\n[   14.140000] ACPI: PCI Interrupt 0000:00:09.0[A] -> Link [LNKB] -> GSI 10 \n(level, low) -> IRQ 10\n[   14.140000] bttv0: Bt878 (rev 17) at 0000:00:09.0, irq: 10, latency: 32, \nmmio: 0xdf001000\n[   14.140000] bttv0: detected: Hauppauge WinTV [card=10], PCI subsystem ID is \n0070:13eb\n[   14.140000] bttv0: using: Hauppauge (bt878) [card=10,autodetected]\n[   14.140000] bttv0: gpio: en=00000000, out=00000000 in=00ffffdb [init]\n[   14.150000] bttv0: Hauppauge/Voodoo msp34xx: reset line init [5]\n[   14.250000] tveeprom 4-0050: Hauppauge model 61344, rev D421, serial# \n3902813\n[   14.250000] tveeprom 4-0050: tuner model is Philips FM1216 (idx 21, type 5)\n[   14.250000] tveeprom 4-0050: TV standards PAL(B/G) (eeprom 0x04)\n[   14.250000] tveeprom 4-0050: audio processor is MSP3415 (idx 6)\n[   14.250000] tveeprom 4-0050: has radio\n[   14.250000] bttv0: Hauppauge eeprom indicates model#61344\n[   14.250000] bttv0: using tuner=5\n[   14.250000] bttv0: i2c: checking for MSP34xx @ 0x80... found\n[   14.310000] msp3400 4-0040: MSP3415D-B3 found @ 0x80 (bt878 #0 [sw])\n[   14.310000] msp3400 4-0040: MSP3415D-B3 supports nicam, mode is autodetect\n[   79.910000] warning: process `blogd' used the removed sysctl system call\n[   79.970000] warning: process `touch' used the removed sysctl system call\n[   80.050000] warning: process `touch' used the removed sysctl system call\n[   80.110000] warning: process `touch' used the removed sysctl system call\n[   81.070000] XFS mounting filesystem sdb6\n[   81.180000] Ending clean XFS mount for filesystem: sdb6\n[   81.320000] Adding 497972k swap on /dev/sdb5.  Priority:-1 extents:1 \nacross:497972k\n[  117.330000] NET: Registered protocol family 17\n[  126.560000] eth0: no IPv6 routers present\n\nbttv-part of dmesg from working kernel 2.6.18_rc2-mm1:\nSep 29 20:21:33 ariolc
[   12.740000] bttv: driver version 0.9.16 loaded\nSep 29 20:21:33 ariolc
[   12.740000] bttv: using 8 buffers with 2080k (520 \npages) each for capture\nSep 29 20:21:33 ariolc
[   12.740000] bttv: Bt8xx card found (0).\nSep 29 20:21:33 ariolc
[   12.740000] ACPI: PCI Interrupt 0000:00:09.0[A] -> \nLink [LNKB] -> GSI 10 (level, low) -> IRQ 10\nSep 29 20:21:33 ariolc
[   12.740000] bttv0: Bt878 (rev 17) at 0000:00:09.0, \nirq: 10, latency: 32, mmio: 0xdf001000\nSep 29 20:21:33 ariolc
[   12.740000] bttv0: detected: Hauppauge WinTV \n[card=10], PCI subsystem ID is 0070:13eb\nSep 29 20:21:33 ariolc
[   12.740000] bttv0: using: Hauppauge (bt878) \n[card=10,autodetected]\nSep 29 20:21:33 ariolc
[   12.740000] bttv0: gpio: en=00000000, out=00000000 \nin=00ffffdb [init]\nSep 29 20:21:33 ariolc
[   12.740000] bttv0: Hauppauge/Voodoo msp34xx: reset \nline init [5]\nSep 29 20:21:33 ariolc
[   12.760000] msp3400 1-0040: MSP3415D-B3 found @ 0x80 \n(bt878 #0 [sw])\nSep 29 20:21:33 ariolc
[   12.760000] msp3400 1-0040: MSP3415D-B3 supports \nnicam, mode is autodetect\nSep 29 20:21:33 ariolc
[   12.870000] tveeprom 1-0050: Hauppauge model 61344, \nrev D421, serial# 3902813\nSep 29 20:21:33 ariolc
[   12.870000] tveeprom 1-0050: tuner model is Philips \nFM1216 (idx 21, type 5)\nSep 29 20:21:33 ariolc
[   12.870000] tveeprom 1-0050: TV standards PAL(B/G) \n(eeprom 0x04)\nSep 29 20:21:33 ariolc
[   12.870000] tveeprom 1-0050: audio processor is \nMSP3415 (idx 6)\nSep 29 20:21:33 ariolc
[   12.870000] tveeprom 1-0050: has radio\nSep 29 20:21:33 ariolc
[   12.870000] bttv0: Hauppauge eeprom indicates \nmodel#61344\nSep 29 20:21:33 ariolc
[   12.870000] bttv0: using tuner=5\nSep 29 20:21:33 ariolc
[   12.870000] bttv0: i2c: checking for MSP34xx @ \n0x80... found\nSep 29 20:21:33 ariolc
[   12.880000] bttv0: i2c: checking for TDA9875 @ \n0xb0... not found\nSep 29 20:21:33 ariolc
[   12.890000] bttv0: i2c: checking for TDA7432 @ \n0x8a... not found\nSep 29 20:21:33 ariolc
[   13.410000] bttv0: i2c: checking for TDA9887 @ \n0x86... not found\nSep 29 20:21:33 ariolc
[   13.440000] tuner 1-0061: chip found @ 0xc2 (bt878 #0 \n[sw])\nSep 29 20:21:33 ariolc
[   13.440000] tuner 1-0061: type set to 5 (Philips \nPAL_BG (FI1216 and compatibles))\nSep 29 20:21:33 ariolc
[   13.690000] bttv0: registered device video0\nSep 29 20:21:33 ariolc
[   13.700000] bttv0: registered device vbi0\nSep 29 20:21:33 ariolc
[   13.700000] bttv0: registered device radio0\nSep 29 20:21:33 ariolc
[   13.730000] bttv0: PLL: 28636363 => 35468950 .. ok",
  "patch": [
    "---\n drivers/i2c/i2c-core.c |   25 +++++++++++++------------\n 1 file changed, 13 insertions(+), 12 deletions(-)\n\n--- linux-2.6.18.orig/drivers/i2c/i2c-core.c\t2006-09-29 22:50:11.000000000 +0200\n+++ linux-2.6.18/drivers/i2c/i2c-core.c\t2006-09-30 12:37:27.000000000 +0200\n@@ -420,14 +420,6 @@\n \t}\n \tlist_add_tail(&client->list,&adapter->clients);\n \t\n-\tif (adapter->client_register)  {\n-\t\tif (adapter->client_register(client))  {\n-\t\t\tdev_dbg(&adapter->dev, \"client_register \"\n-\t\t\t\t\"failed for client [%s] at 0x%02x\\n\",\n-\t\t\t\tclient->name, client->addr);\n-\t\t}\n-\t}\n-\n \tclient->usage_count = 0;\n \n \tclient->dev.parent = &client->adapter->dev;\n@@ -445,10 +437,17 @@\n \tres = device_create_file(&client->dev, &dev_attr_client_name);\n \tif (res)\n \t\tgoto out_unregister;\n-\n-out_unlock:\n \tmutex_unlock(&adapter->clist_lock);\n-\treturn res;\n+\n+\tif (adapter->client_register)  {\n+\t\tif (adapter->client_register(client)) {\n+\t\t\tdev_dbg(&adapter->dev, \"client_register \"\n+\t\t\t\t\"failed for client [%s] at 0x%02x\\n\",\n+\t\t\t\tclient->name, client->addr);\n+\t\t}\n+\t}\n+\n+\treturn 0;\n \n out_unregister:\n \tinit_completion(&client->released); /* Needed? */\n@@ -458,7 +457,9 @@\n \tlist_del(&client->list);\n \tdev_err(&adapter->dev, \"Failed to attach i2c client %s at 0x%02x \"\n \t\t\"(%d)\\n\", client->name, client->addr, res);\n-\tgoto out_unlock;\n+out_unlock:\n+\tmutex_unlock(&adapter->clist_lock);\n+\treturn res;\n }\n \n \n"
  ],
  "Status": "CLOSED CODE_FIX",
  "Alias": "None",
  "Product": "Drivers",
  "Classification": "Unclassified",
  "Component": "I2C",
  "Hardware": "i386 Linux",
  "Importance": "P2 high",
  "Assignee": "Jean Delvare",
  "URL": "",
  "Keywords": "",
  "Depends on": "",
  "Blocks": "",
  "Reported": "2006-09-29 11:57 UTC by Torsten Kaiser",
  "Modified": "2006-10-01 00:49 UTC",
  "CC List": "2 users",
  "See Also": "",
  "Kernel Version": "2.6.18",
  "Subsystem": "",
  "Regression": "---",
  "Bisected commit-id": "",
  "paths": [
    "drivers/i2c/i2c-core.c"
  ],
  "methods": [
    "i2c_attach_client"
  ]
}